Archive member included to satisfy reference by file (symbol)

C:/ST/STM32CubeIDE_1.19.0/STM32CubeIDE/plugins/com.st.stm32cube.ide.mcu.externaltools.gnu-tools-for-stm32.13.3.rel1.win32_1.0.0.202411081344/tools/bin/../lib/gcc/arm-none-eabi/13.3.1/../../../../arm-none-eabi/lib/thumb/v7e-m+dp/hard\libc_nano.a(libc_a-exit.o)
                              C:/ST/STM32CubeIDE_1.19.0/STM32CubeIDE/plugins/com.st.stm32cube.ide.mcu.externaltools.gnu-tools-for-stm32.13.3.rel1.win32_1.0.0.202411081344/tools/bin/../lib/gcc/arm-none-eabi/13.3.1/../../../../arm-none-eabi/lib/thumb/v7e-m+dp/hard/crt0.o (exit)
C:/ST/STM32CubeIDE_1.19.0/STM32CubeIDE/plugins/com.st.stm32cube.ide.mcu.externaltools.gnu-tools-for-stm32.13.3.rel1.win32_1.0.0.202411081344/tools/bin/../lib/gcc/arm-none-eabi/13.3.1/../../../../arm-none-eabi/lib/thumb/v7e-m+dp/hard\libc_nano.a(libc_a-findfp.o)
                              C:/ST/STM32CubeIDE_1.19.0/STM32CubeIDE/plugins/com.st.stm32cube.ide.mcu.externaltools.gnu-tools-for-stm32.13.3.rel1.win32_1.0.0.202411081344/tools/bin/../lib/gcc/arm-none-eabi/13.3.1/../../../../arm-none-eabi/lib/thumb/v7e-m+dp/hard\libc_nano.a(libc_a-exit.o) (__stdio_exit_handler)
C:/ST/STM32CubeIDE_1.19.0/STM32CubeIDE/plugins/com.st.stm32cube.ide.mcu.externaltools.gnu-tools-for-stm32.13.3.rel1.win32_1.0.0.202411081344/tools/bin/../lib/gcc/arm-none-eabi/13.3.1/../../../../arm-none-eabi/lib/thumb/v7e-m+dp/hard\libc_nano.a(libc_a-fwalk.o)
                              C:/ST/STM32CubeIDE_1.19.0/STM32CubeIDE/plugins/com.st.stm32cube.ide.mcu.externaltools.gnu-tools-for-stm32.13.3.rel1.win32_1.0.0.202411081344/tools/bin/../lib/gcc/arm-none-eabi/13.3.1/../../../../arm-none-eabi/lib/thumb/v7e-m+dp/hard\libc_nano.a(libc_a-findfp.o) (_fwalk_sglue)
C:/ST/STM32CubeIDE_1.19.0/STM32CubeIDE/plugins/com.st.stm32cube.ide.mcu.externaltools.gnu-tools-for-stm32.13.3.rel1.win32_1.0.0.202411081344/tools/bin/../lib/gcc/arm-none-eabi/13.3.1/../../../../arm-none-eabi/lib/thumb/v7e-m+dp/hard\libc_nano.a(libc_a-stdio.o)
                              C:/ST/STM32CubeIDE_1.19.0/STM32CubeIDE/plugins/com.st.stm32cube.ide.mcu.externaltools.gnu-tools-for-stm32.13.3.rel1.win32_1.0.0.202411081344/tools/bin/../lib/gcc/arm-none-eabi/13.3.1/../../../../arm-none-eabi/lib/thumb/v7e-m+dp/hard\libc_nano.a(libc_a-findfp.o) (__sread)
C:/ST/STM32CubeIDE_1.19.0/STM32CubeIDE/plugins/com.st.stm32cube.ide.mcu.externaltools.gnu-tools-for-stm32.13.3.rel1.win32_1.0.0.202411081344/tools/bin/../lib/gcc/arm-none-eabi/13.3.1/../../../../arm-none-eabi/lib/thumb/v7e-m+dp/hard\libc_nano.a(libc_a-memset.o)
                              C:/ST/STM32CubeIDE_1.19.0/STM32CubeIDE/plugins/com.st.stm32cube.ide.mcu.externaltools.gnu-tools-for-stm32.13.3.rel1.win32_1.0.0.202411081344/tools/bin/../lib/gcc/arm-none-eabi/13.3.1/../../../../arm-none-eabi/lib/thumb/v7e-m+dp/hard/crt0.o (memset)
C:/ST/STM32CubeIDE_1.19.0/STM32CubeIDE/plugins/com.st.stm32cube.ide.mcu.externaltools.gnu-tools-for-stm32.13.3.rel1.win32_1.0.0.202411081344/tools/bin/../lib/gcc/arm-none-eabi/13.3.1/../../../../arm-none-eabi/lib/thumb/v7e-m+dp/hard\libc_nano.a(libc_a-closer.o)
                              C:/ST/STM32CubeIDE_1.19.0/STM32CubeIDE/plugins/com.st.stm32cube.ide.mcu.externaltools.gnu-tools-for-stm32.13.3.rel1.win32_1.0.0.202411081344/tools/bin/../lib/gcc/arm-none-eabi/13.3.1/../../../../arm-none-eabi/lib/thumb/v7e-m+dp/hard\libc_nano.a(libc_a-stdio.o) (_close_r)
C:/ST/STM32CubeIDE_1.19.0/STM32CubeIDE/plugins/com.st.stm32cube.ide.mcu.externaltools.gnu-tools-for-stm32.13.3.rel1.win32_1.0.0.202411081344/tools/bin/../lib/gcc/arm-none-eabi/13.3.1/../../../../arm-none-eabi/lib/thumb/v7e-m+dp/hard\libc_nano.a(libc_a-reent.o)
                              C:/ST/STM32CubeIDE_1.19.0/STM32CubeIDE/plugins/com.st.stm32cube.ide.mcu.externaltools.gnu-tools-for-stm32.13.3.rel1.win32_1.0.0.202411081344/tools/bin/../lib/gcc/arm-none-eabi/13.3.1/../../../../arm-none-eabi/lib/thumb/v7e-m+dp/hard\libc_nano.a(libc_a-closer.o) (errno)
C:/ST/STM32CubeIDE_1.19.0/STM32CubeIDE/plugins/com.st.stm32cube.ide.mcu.externaltools.gnu-tools-for-stm32.13.3.rel1.win32_1.0.0.202411081344/tools/bin/../lib/gcc/arm-none-eabi/13.3.1/../../../../arm-none-eabi/lib/thumb/v7e-m+dp/hard\libc_nano.a(libc_a-impure.o)
                              C:/ST/STM32CubeIDE_1.19.0/STM32CubeIDE/plugins/com.st.stm32cube.ide.mcu.externaltools.gnu-tools-for-stm32.13.3.rel1.win32_1.0.0.202411081344/tools/bin/../lib/gcc/arm-none-eabi/13.3.1/../../../../arm-none-eabi/lib/thumb/v7e-m+dp/hard\libc_nano.a(libc_a-reent.o) (_impure_ptr)
C:/ST/STM32CubeIDE_1.19.0/STM32CubeIDE/plugins/com.st.stm32cube.ide.mcu.externaltools.gnu-tools-for-stm32.13.3.rel1.win32_1.0.0.202411081344/tools/bin/../lib/gcc/arm-none-eabi/13.3.1/../../../../arm-none-eabi/lib/thumb/v7e-m+dp/hard\libc_nano.a(libc_a-lseekr.o)
[...]
Memory Configuration

Name             Origin             Length             Attributes
ITCMRAM          0x00000000         0x00010000         xrw
DTCMRAM          0x20000000         0x00020000         xrw
FLASH            0x08000000         0x00100000         xr
RAM_D1           0x24000000         0x00050000         xrw
RAM_D2           0x30000000         0x00008000         xrw
RAM_D3           0x38000000         0x00004000         xrw
*default*        0x00000000         0xffffffff

Linker script and memory map

LOAD C:/ST/STM32CubeIDE_1.19.0/STM32CubeIDE/plugins/com.st.stm32cube.ide.mcu.externaltools.gnu-tools-for-stm32.13.3.rel1.win32_1.0.0.202411081344/tools/bin/../lib/gcc/arm-none-eabi/13.3.1/thumb/v7e-m+dp/hard/crti.o
LOAD C:/ST/STM32CubeIDE_1.19.0/STM32CubeIDE/plugins/com.st.stm32cube.ide.mcu.externaltools.gnu-tools-for-stm32.13.3.rel1.win32_1.0.0.202411081344/tools/bin/../lib/gcc/arm-none-eabi/13.3.1/thumb/v7e-m+dp/hard/crtbegin.o
LOAD C:/ST/STM32CubeIDE_1.19.0/STM32CubeIDE/plugins/com.st.stm32cube.ide.mcu.externaltools.gnu-tools-for-stm32.13.3.rel1.win32_1.0.0.202411081344/tools/bin/../lib/gcc/arm-none-eabi/13.3.1/../../../../arm-none-eabi/lib/thumb/v7e-m+dp/hard/crt0.o
LOAD ./Core/Src/dma.o
LOAD ./Core/Src/gpio.o
LOAD ./Core/Src/main.o
LOAD ./Core/Src/spi.o
LOAD ./Core/Src/stm32h7xx_hal_msp.o
LOAD ./Core/Src/stm32h7xx_it.o
LOAD ./Core/Src/syscalls.o
LOAD ./Core/Src/sysmem.o
LOAD ./Core/Src/system_stm32h7xx.o
LOAD ./Core/Startup/startup_stm32h723zgtx.o
LOAD ./Drivers/BSP/STM32H7xx_Nucleo/stm32h7xx_nucleo.o
LOAD ./Drivers/STM32H7xx_HAL_Driver/Src/stm32h7xx_hal.o
LOAD ./Drivers/STM32H7xx_HAL_Driver/Src/stm32h7xx_hal_cortex.o
LOAD ./Drivers/STM32H7xx_HAL_Driver/Src/stm32h7xx_hal_dma.o
LOAD ./Drivers/STM32H7xx_HAL_Driver/Src/stm32h7xx_hal_dma_ex.o
LOAD ./Drivers/STM32H7xx_HAL_Driver/Src/stm32h7xx_hal_exti.o
LOAD ./Drivers/STM32H7xx_HAL_Driver/Src/stm32h7xx_hal_flash.o
LOAD ./Drivers/STM32H7xx_HAL_Driver/Src/stm32h7xx_hal_flash_ex.o
LOAD ./Drivers/STM32H7xx_HAL_Driver/Src/stm32h7xx_hal_gpio.o
LOAD ./Drivers/STM32H7xx_HAL_Driver/Src/stm32h7xx_hal_hsem.o
LOAD ./Drivers/STM32H7xx_HAL_Driver/Src/stm32h7xx_hal_i2c.o
LOAD ./Drivers/STM32H7xx_HAL_Driver/Src/stm32h7xx_hal_i2c_ex.o
LOAD ./Drivers/STM32H7xx_HAL_Driver/Src/stm32h7xx_hal_mdma.o
LOAD ./Drivers/STM32H7xx_HAL_Driver/Src/stm32h7xx_hal_pcd.o
LOAD ./Drivers/STM32H7xx_HAL_Driver/Src/stm32h7xx_hal_pcd_ex.o
LOAD ./Drivers/STM32H7xx_HAL_Driver/Src/stm32h7xx_hal_pwr.o
LOAD ./Drivers/STM32H7xx_HAL_Driver/Src/stm32h7xx_hal_pwr_ex.o
LOAD ./Drivers/STM32H7xx_HAL_Driver/Src/stm32h7xx_hal_rcc.o
LOAD ./Drivers/STM32H7xx_HAL_Driver/Src/stm32h7xx_hal_rcc_ex.o
LOAD ./Drivers/STM32H7xx_HAL_Driver/Src/stm32h7xx_hal_spi.o
LOAD ./Drivers/STM32H7xx_HAL_Driver/Src/stm32h7xx_hal_spi_ex.o
LOAD ./Drivers/STM32H7xx_HAL_Driver/Src/stm32h7xx_hal_tim.o
LOAD ./Drivers/STM32H7xx_HAL_Driver/Src/stm32h7xx_hal_tim_ex.o
LOAD ./Drivers/STM32H7xx_HAL_Driver/Src/stm32h7xx_hal_uart.o
LOAD ./Drivers/STM32H7xx_HAL_Driver/Src/stm32h7xx_hal_uart_ex.o
LOAD ./Drivers/STM32H7xx_HAL_Driver/Src/stm32h7xx_hal_usart.o
LOAD ./Drivers/STM32H7xx_HAL_Driver/Src/stm32h7xx_hal_usart_ex.o
LOAD ./Drivers/STM32H7xx_HAL_Driver/Src/stm32h7xx_ll_usb.o
LOAD ./Middlewares/ST/STM32_USB_Device_Library/Class/CustomHID/Src/usbd_customhid.o
LOAD ./Middlewares/ST/STM32_USB_Device_Library/Core/Src/usbd_core.o
LOAD ./Middlewares/ST/STM32_USB_Device_Library/Core/Src/usbd_ctlreq.o
LOAD ./Middlewares/ST/STM32_USB_Device_Library/Core/Src/usbd_ioreq.o
LOAD ./USB_DEVICE/App/usb_device.o
LOAD ./USB_DEVICE/App/usbd_custom_hid_if.o
LOAD ./USB_DEVICE/App/usbd_desc.o
LOAD ./USB_DEVICE/Target/usbd_conf.o
START GROUP
LOAD C:/ST/STM32CubeIDE_1.19.0/STM32CubeIDE/plugins/com.st.stm32cube.ide.mcu.externaltools.gnu-tools-for-stm32.13.3.rel1.win32_1.0.0.202411081344/tools/bin/../lib/gcc/arm-none-eabi/13.3.1/../../../../arm-none-eabi/lib/thumb/v7e-m+dp/hard\libc_nano.a
LOAD C:/ST/STM32CubeIDE_1.19.0/STM32CubeIDE/plugins/com.st.stm32cube.ide.mcu.externaltools.gnu-tools-for-stm32.13.3.rel1.win32_1.0.0.202411081344/tools/bin/../lib/gcc/arm-none-eabi/13.3.1/../../../../arm-none-eabi/lib/thumb/v7e-m+dp/hard\libm.a
END GROUP
START GROUP
LOAD C:/ST/STM32CubeIDE_1.19.0/STM32CubeIDE/plugins/com.st.stm32cube.ide.mcu.externaltools.gnu-tools-for-stm32.13.3.rel1.win32_1.0.0.202411081344/tools/bin/../lib/gcc/arm-none-eabi/13.3.1/thumb/v7e-m+dp/hard\libgcc.a
LOAD C:/ST/STM32CubeIDE_1.19.0/STM32CubeIDE/plugins/com.st.stm32cube.ide.mcu.externaltools.gnu-tools-for-stm32.13.3.rel1.win32_1.0.0.202411081344/tools/bin/../lib/gcc/arm-none-eabi/13.3.1/../../../../arm-none-eabi/lib/thumb/v7e-m+dp/hard\libc_nano.a
END GROUP
START GROUP
LOAD C:/ST/STM32CubeIDE_1.19.0/STM32CubeIDE/plugins/com.st.stm32cube.ide.mcu.externaltools.gnu-tools-for-stm32.13.3.rel1.win32_1.0.0.202411081344/tools/bin/../lib/gcc/arm-none-eabi/13.3.1/thumb/v7e-m+dp/hard\libgcc.a
LOAD C:/ST/STM32CubeIDE_1.19.0/STM32CubeIDE/plugins/com.st.stm32cube.ide.mcu.externaltools.gnu-tools-for-stm32.13.3.rel1.win32_1.0.0.202411081344/tools/bin/../lib/gcc/arm-none-eabi/13.3.1/../../../../arm-none-eabi/lib/thumb/v7e-m+dp/hard\libc_nano.a
LOAD C:/ST/STM32CubeIDE_1.19.0/STM32CubeIDE/plugins/com.st.stm32cube.ide.mcu.externaltools.gnu-tools-for-stm32.13.3.rel1.win32_1.0.0.202411081344/tools/bin/../lib/gcc/arm-none-eabi/13.3.1/../../../../arm-none-eabi/lib/thumb/v7e-m+dp/hard\libnosys.a
END GROUP
START GROUP
LOAD C:/ST/STM32CubeIDE_1.19.0/STM32CubeIDE/plugins/com.st.stm32cube.ide.mcu.externaltools.gnu-tools-for-stm32.13.3.rel1.win32_1.0.0.202411081344/tools/bin/../lib/gcc/arm-none-eabi/13.3.1/thumb/v7e-m+dp/hard\libgcc.a
LOAD C:/ST/STM32CubeIDE_1.19.0/STM32CubeIDE/plugins/com.st.stm32cube.ide.mcu.externaltools.gnu-tools-for-stm32.13.3.rel1.win32_1.0.0.202411081344/tools/bin/../lib/gcc/arm-none-eabi/13.3.1/../../../../arm-none-eabi/lib/thumb/v7e-m+dp/hard\libc_nano.a
LOAD C:/ST/STM32CubeIDE_1.19.0/STM32CubeIDE/plugins/com.st.stm32cube.ide.mcu.externaltools.gnu-tools-for-stm32.13.3.rel1.win32_1.0.0.202411081344/tools/bin/../lib/gcc/arm-none-eabi/13.3.1/../../../../arm-none-eabi/lib/thumb/v7e-m+dp/hard\libnosys.a
END GROUP
LOAD C:/ST/STM32CubeIDE_1.19.0/STM32CubeIDE/plugins/com.st.stm32cube.ide.mcu.externaltools.gnu-tools-for-stm32.13.3.rel1.win32_1.0.0.202411081344/tools/bin/../lib/gcc/arm-none-eabi/13.3.1/thumb/v7e-m+dp/hard/crtend.o
LOAD C:/ST/STM32CubeIDE_1.19.0/STM32CubeIDE/plugins/com.st.stm32cube.ide.mcu.externaltools.gnu-tools-for-stm32.13.3.rel1.win32_1.0.0.202411081344/tools/bin/../lib/gcc/arm-none-eabi/13.3.1/thumb/v7e-m+dp/hard/crtn.o
                0x24050000                        _estack = (ORIGIN (RAM_D1) + LENGTH (RAM_D1))
                0x00000200                        _Min_Heap_Size = 0x200
                0x00000400                        _Min_Stack_Size = 0x400

.isr_vector     0x08000000      0x2cc
                0x08000000                        . = ALIGN (0x4)
 *(.isr_vector)
 .isr_vector    0x08000000      0x2cc ./Core/Startup/startup_stm32h723zgtx.o
                0x08000000                g_pfnVectors
                0x080002cc                        . = ALIGN (0x4)

.text           0x080002cc     0xd9e8
                0x080002cc                        . = ALIGN (0x4)
 *(.text)
 .text          0x080002cc       0x40 C:/ST/STM32CubeIDE_1.19.0/STM32CubeIDE/plugins/com.st.stm32cube.ide.mcu.externaltools.gnu-tools-for-stm32.13.3.rel1.win32_1.0.0.202411081344/tools/bin/../lib/gcc/arm-none-eabi/13.3.1/thumb/v7e-m+dp/hard/crtbegin.o
 .text          0x0800030c       0x30 C:/ST/STM32CubeIDE_1.19.0/STM32CubeIDE/plugins/com.st.stm32cube.ide.mcu.externaltools.gnu-tools-for-stm32.13.3.rel1.win32_1.0.0.202411081344/tools/bin/../lib/gcc/arm-none-eabi/13.3.1/thumb/v7e-m+dp/hard\libgcc.a(_aeabi_uldivmod.o)
                0x0800030c                __aeabi_uldivmod
 .text          0x0800033c      0x2f8 C:/ST/STM32CubeIDE_1.19.0/STM32CubeIDE/plugins/com.st.stm32cube.ide.mcu.externaltools.gnu-tools-for-stm32.13.3.rel1.win32_1.0.0.202411081344/tools/bin/../lib/gcc/arm-none-eabi/13.3.1/thumb/v7e-m+dp/hard\libgcc.a(_udivmoddi4.o)
                0x0800033c                __udivmoddi4
 .text          0x08000634        0x4 C:/ST/STM32CubeIDE_1.19.0/STM32CubeIDE/plugins/com.st.stm32cube.ide.mcu.externaltools.gnu-tools-for-stm32.13.3.rel1.win32_1.0.0.202411081344/tools/bin/../lib/gcc/arm-none-eabi/13.3.1/thumb/v7e-m+dp/hard\libgcc.a(_dvmd_tls.o)
                0x08000634                __aeabi_idiv0
                0x08000634                __aeabi_ldiv0
 *(.text*)
 .text.MX_DMA_Init
                0x08000638       0x40 ./Core/Src/dma.o
                0x08000638                MX_DMA_Init
 .text.MX_GPIO_Init
                0x08000678       0xac ./Core/Src/gpio.o
                0x08000678                MX_GPIO_Init
 .text.main     0x08000724       0x78 ./Core/Src/main.o
                0x08000724                main
 .text.SystemClock_Config
                0x0800079c       0xe4 ./Core/Src/main.o
                0x0800079c                SystemClock_Config
 .text.MPU_Config
                0x08000880       0x58 ./Core/Src/main.o
 .text.Error_Handler
                0x080008d8        0xc ./Core/Src/main.o
                0x080008d8                Error_Handler
 .text.MX_SPI1_Init
                0x080008e4       0xac ./Core/Src/spi.o
                0x080008e4                MX_SPI1_Init
 .text.HAL_SPI_MspInit
                0x08000990      0x190 ./Core/Src/spi.o
                0x08000990                HAL_SPI_MspInit
 .text.HAL_MspInit
                0x08000b20       0x34 ./Core/Src/stm32h7xx_hal_msp.o
                0x08000b20                HAL_MspInit
 .text.NMI_Handler
                0x08000b54        0xc ./Core/Src/stm32h7xx_it.o
                0x08000b54                NMI_Handler
 .text.HardFault_Handler
                0x08000b60        0x8 ./Core/Src/stm32h7xx_it.o
                0x08000b60                HardFault_Handler
 .text.MemManage_Handler
                0x08000b68        0x8 ./Core/Src/stm32h7xx_it.o
                0x08000b68                MemManage_Handler
 .text.BusFault_Handler
                0x08000b70        0x8 ./Core/Src/stm32h7xx_it.o
                0x08000b70                BusFault_Handler
 .text.UsageFault_Handler
                0x08000b78        0x8 ./Core/Src/stm32h7xx_it.o
                0x08000b78                UsageFault_Handler
 .text.SVC_Handler
                0x08000b80        0xe ./Core/Src/stm32h7xx_it.o
                0x08000b80                SVC_Handler
 .text.DebugMon_Handler
                0x08000b8e        0xe ./Core/Src/stm32h7xx_it.o
                0x08000b8e                DebugMon_Handler
 .text.PendSV_Handler
                0x08000b9c        0xe ./Core/Src/stm32h7xx_it.o
                0x08000b9c                PendSV_Handler
 .text.SysTick_Handler
                0x08000baa        0xc ./Core/Src/stm32h7xx_it.o
                0x08000baa                SysTick_Handler
 *fill*         0x08000bb6        0x2 
 .text.DMA1_Stream0_IRQHandler
                0x08000bb8       0x14 ./Core/Src/stm32h7xx_it.o
                0x08000bb8                DMA1_Stream0_IRQHandler
 .text.SPI1_IRQHandler
                0x08000bcc       0x14 ./Core/Src/stm32h7xx_it.o
                0x08000bcc                SPI1_IRQHandler
 .text.EXTI15_10_IRQHandler
                0x08000be0        0xe ./Core/Src/stm32h7xx_it.o
                0x08000be0                EXTI15_10_IRQHandler
 *fill*         0x08000bee        0x2 
 .text.OTG_HS_IRQHandler
                0x08000bf0       0x14 ./Core/Src/stm32h7xx_it.o
                0x08000bf0                OTG_HS_IRQHandler
 .text.SystemInit
                0x08000c04      0x120 ./Core/Src/system_stm32h7xx.o
                0x08000c04                SystemInit
 .text.ExitRun0Mode
                0x08000d24       0x30 ./Core/Src/system_stm32h7xx.o
                0x08000d24                ExitRun0Mode
 .text.Reset_Handler
                0x08000d54       0x54 ./Core/Startup/startup_stm32h723zgtx.o
                0x08000d54                Reset_Handler
 .text.Default_Handler
                0x08000da8        0x2 ./Core/Startup/startup_stm32h723zgtx.o
                0x08000da8                RTC_Alarm_IRQHandler
                0x08000da8                EXTI2_IRQHandler
                0x08000da8                TIM8_CC_IRQHandler
                0x08000da8                UART8_IRQHandler
                0x08000da8                SPI4_IRQHandler
                0x08000da8                FDCAN3_IT0_IRQHandler
                0x08000da8                TIM1_CC_IRQHandler
                0x08000da8                BDMA_Channel6_IRQHandler
                0x08000da8                DMA2_Stream5_IRQHandler
                0x08000da8                DMA1_Stream5_IRQHandler
                0x08000da8                CORDIC_IRQHandler
                0x08000da8                BDMA_Channel1_IRQHandler
                0x08000da8                TAMP_STAMP_IRQHandler
                0x08000da8                EXTI3_IRQHandler
                0x08000da8                LPTIM4_IRQHandler
                0x08000da8                TIM8_TRG_COM_TIM14_IRQHandler
                0x08000da8                LPTIM2_IRQHandler
                0x08000da8                DFSDM1_FLT1_IRQHandler
                0x08000da8                DMAMUX2_OVR_IRQHandler
                0x08000da8                TIM8_UP_TIM13_IRQHandler
                0x08000da8                I2C3_ER_IRQHandler
                0x08000da8                DFSDM1_FLT2_IRQHandler
                0x08000da8                I2C5_EV_IRQHandler
                0x08000da8                USART10_IRQHandler
                0x08000da8                MDMA_IRQHandler
                0x08000da8                LPTIM3_IRQHandler
                0x08000da8                HSEM1_IRQHandler
                0x08000da8                EXTI0_IRQHandler
                0x08000da8                I2C2_EV_IRQHandler
                0x08000da8                DMA1_Stream2_IRQHandler
                0x08000da8                FPU_IRQHandler
                0x08000da8                OTG_HS_WKUP_IRQHandler
                0x08000da8                FDCAN1_IT1_IRQHandler
                0x08000da8                LTDC_ER_IRQHandler
                0x08000da8                DMA2_Stream2_IRQHandler
                0x08000da8                OCTOSPI1_IRQHandler
                0x08000da8                TIM6_DAC_IRQHandler
                0x08000da8                DMA2_Stream3_IRQHandler
                0x08000da8                OCTOSPI2_IRQHandler
                0x08000da8                DFSDM1_FLT3_IRQHandler
                0x08000da8                TIM23_IRQHandler
                0x08000da8                USART6_IRQHandler
                0x08000da8                TIM17_IRQHandler
                0x08000da8                USART3_IRQHandler
                0x08000da8                BDMA_Channel7_IRQHandler
                0x08000da8                LPTIM5_IRQHandler
                0x08000da8                UART5_IRQHandler
                0x08000da8                ADC3_IRQHandler
                0x08000da8                DMA2_Stream0_IRQHandler
                0x08000da8                TIM4_IRQHandler
                0x08000da8                BDMA_Channel2_IRQHandler
                0x08000da8                I2C1_EV_IRQHandler
                0x08000da8                DMA1_Stream6_IRQHandler
                0x08000da8                DMAMUX1_OVR_IRQHandler
                0x08000da8                DMA1_Stream1_IRQHandler
                0x08000da8                TIM16_IRQHandler
                0x08000da8                UART4_IRQHandler
                0x08000da8                BDMA_Channel5_IRQHandler
                0x08000da8                TIM3_IRQHandler
                0x08000da8                RCC_IRQHandler
                0x08000da8                UART9_IRQHandler
                0x08000da8                TIM8_BRK_TIM12_IRQHandler
                0x08000da8                TIM1_TRG_COM_IRQHandler
                0x08000da8                Default_Handler
                0x08000da8                ECC_IRQHandler
                0x08000da8                FMAC_IRQHandler
                0x08000da8                CEC_IRQHandler
                0x08000da8                BDMA_Channel0_IRQHandler
                0x08000da8                ADC_IRQHandler
                0x08000da8                I2C5_ER_IRQHandler
                0x08000da8                DMA1_Stream7_IRQHandler
                0x08000da8                SPI5_IRQHandler
                0x08000da8                TIM7_IRQHandler
                0x08000da8                FDCAN3_IT1_IRQHandler
                0x08000da8                SDMMC1_IRQHandler
                0x08000da8                TIM5_IRQHandler
                0x08000da8                DMA2_Stream7_IRQHandler
                0x08000da8                TIM15_IRQHandler
                0x08000da8                PVD_AVD_IRQHandler
                0x08000da8                I2C3_EV_IRQHandler
                0x08000da8                EXTI9_5_IRQHandler
                0x08000da8                RTC_WKUP_IRQHandler
                0x08000da8                LTDC_IRQHandler
                0x08000da8                ETH_WKUP_IRQHandler
                0x08000da8                SPDIF_RX_IRQHandler
                0x08000da8                SPI2_IRQHandler
                0x08000da8                OTG_HS_EP1_IN_IRQHandler
                0x08000da8                TIM24_IRQHandler
                0x08000da8                CRS_IRQHandler
                0x08000da8                EXTI4_IRQHandler
                0x08000da8                RNG_IRQHandler
                0x08000da8                FDCAN2_IT1_IRQHandler
                0x08000da8                ETH_IRQHandler
                0x08000da8                TIM1_UP_IRQHandler
                0x08000da8                BDMA_Channel4_IRQHandler
                0x08000da8                OTG_HS_EP1_OUT_IRQHandler
                0x08000da8                WWDG_IRQHandler
                0x08000da8                SPI6_IRQHandler
                0x08000da8                MDIOS_IRQHandler
                0x08000da8                I2C4_EV_IRQHandler
                0x08000da8                FDCAN2_IT0_IRQHandler
                0x08000da8                LPUART1_IRQHandler
                0x08000da8                FDCAN1_IT0_IRQHandler
                0x08000da8                TIM2_IRQHandler
                0x08000da8                DMA2D_IRQHandler
                0x08000da8                TIM1_BRK_IRQHandler
                0x08000da8                EXTI1_IRQHandler
                0x08000da8                SDMMC2_IRQHandler
                0x08000da8                BDMA_Channel3_IRQHandler
                0x08000da8                DTS_IRQHandler
                0x08000da8                UART7_IRQHandler
                0x08000da8                MDIOS_WKUP_IRQHandler
                0x08000da8                USART2_IRQHandler
                0x08000da8                DFSDM1_FLT0_IRQHandler
                0x08000da8                SAI4_IRQHandler
                0x08000da8                I2C2_ER_IRQHandler
                0x08000da8                DMA2_Stream1_IRQHandler
                0x08000da8                FLASH_IRQHandler
                0x08000da8                DMA2_Stream4_IRQHandler
                0x08000da8                USART1_IRQHandler
                0x08000da8                SPI3_IRQHandler
                0x08000da8                WAKEUP_PIN_IRQHandler
                0x08000da8                DMA1_Stream4_IRQHandler
                0x08000da8                I2C1_ER_IRQHandler
                0x08000da8                FMC_IRQHandler
                0x08000da8                FDCAN_CAL_IRQHandler
                0x08000da8                SWPMI1_IRQHandler
                0x08000da8                COMP1_IRQHandler
                0x08000da8                LPTIM1_IRQHandler
                0x08000da8                DCMI_PSSI_IRQHandler
                0x08000da8                I2C4_ER_IRQHandler
                0x08000da8                DMA2_Stream6_IRQHandler
                0x08000da8                SAI1_IRQHandler
                0x08000da8                DMA1_Stream3_IRQHandler
 *fill*         0x08000daa        0x2 
 .text.BSP_LED_Init
                0x08000dac       0xec ./Drivers/BSP/STM32H7xx_Nucleo/stm32h7xx_nucleo.o
                0x08000dac                BSP_LED_Init
 .text.BSP_PB_Init
                0x08000e98       0xe4 ./Drivers/BSP/STM32H7xx_Nucleo/stm32h7xx_nucleo.o
                0x08000e98                BSP_PB_Init
 .text.BSP_PB_IRQHandler
                0x08000f7c       0x24 ./Drivers/BSP/STM32H7xx_Nucleo/stm32h7xx_nucleo.o
                0x08000f7c                BSP_PB_IRQHandler
 .text.BSP_PB_Callback
                0x08000fa0       0x16 ./Drivers/BSP/STM32H7xx_Nucleo/stm32h7xx_nucleo.o
                0x08000fa0                BSP_PB_Callback
 *fill*         0x08000fb6        0x2 
 .text.BSP_COM_Init
                0x08000fb8       0x60 ./Drivers/BSP/STM32H7xx_Nucleo/stm32h7xx_nucleo.o
                0x08000fb8                BSP_COM_Init
 .text.MX_USART3_Init
                0x08001018       0x64 ./Drivers/BSP/STM32H7xx_Nucleo/stm32h7xx_nucleo.o
                0x08001018                MX_USART3_Init
 .text.BUTTON_USER_EXTI_Callback
                0x0800107c        0xe ./Drivers/BSP/STM32H7xx_Nucleo/stm32h7xx_nucleo.o
 *fill*         0x0800108a        0x2 
 .text.COM1_MspInit
                0x0800108c       0xb0 ./Drivers/BSP/STM32H7xx_Nucleo/stm32h7xx_nucleo.o
 .text.HAL_Init
                0x0800113c       0x78 ./Drivers/STM32H7xx_HAL_Driver/Src/stm32h7xx_hal.o
                0x0800113c                HAL_Init
 .text.HAL_InitTick
                0x080011b4       0x6c ./Drivers/STM32H7xx_HAL_Driver/Src/stm32h7xx_hal.o
                0x080011b4                HAL_InitTick
 .text.HAL_IncTick
                0x08001220       0x28 ./Drivers/STM32H7xx_HAL_Driver/Src/stm32h7xx_hal.o
                0x08001220                HAL_IncTick
 .text.HAL_GetTick
                0x08001248       0x18 ./Drivers/STM32H7xx_HAL_Driver/Src/stm32h7xx_hal.o
                0x08001248                HAL_GetTick
 .text.HAL_Delay
                0x08001260       0x48 ./Drivers/STM32H7xx_HAL_Driver/Src/stm32h7xx_hal.o
                0x08001260                HAL_Delay
 .text.__NVIC_SetPriorityGrouping
                0x080012a8       0x48 ./Drivers/STM32H7xx_HAL_Driver/Src/stm32h7xx_hal_cortex.o
 .text.__NVIC_GetPriorityGrouping
                0x080012f0       0x1c ./Drivers/STM32H7xx_HAL_Driver/Src/stm32h7xx_hal_cortex.o
 .text.__NVIC_EnableIRQ
                0x0800130c       0x3c ./Drivers/STM32H7xx_HAL_Driver/Src/stm32h7xx_hal_cortex.o
 .text.__NVIC_SetPriority
                0x08001348       0x54 ./Drivers/STM32H7xx_HAL_Driver/Src/stm32h7xx_hal_cortex.o
 .text.NVIC_EncodePriority
                0x0800139c       0x66 ./Drivers/STM32H7xx_HAL_Driver/Src/stm32h7xx_hal_cortex.o
 *fill*         0x08001402        0x2 
 .text.SysTick_Config
                0x08001404       0x44 ./Drivers/STM32H7xx_HAL_Driver/Src/stm32h7xx_hal_cortex.o
 .text.HAL_NVIC_SetPriorityGrouping
                0x08001448       0x16 ./Drivers/STM32H7xx_HAL_Driver/Src/stm32h7xx_hal_cortex.o
                0x08001448                HAL_NVIC_SetPriorityGrouping
 .text.HAL_NVIC_SetPriority
                0x0800145e       0x34 ./Drivers/STM32H7xx_HAL_Driver/Src/stm32h7xx_hal_cortex.o
                0x0800145e                HAL_NVIC_SetPriority
 .text.HAL_NVIC_EnableIRQ
                0x08001492       0x1c ./Drivers/STM32H7xx_HAL_Driver/Src/stm32h7xx_hal_cortex.o
                0x08001492                HAL_NVIC_EnableIRQ
 .text.HAL_SYSTICK_Config
                0x080014ae       0x18 ./Drivers/STM32H7xx_HAL_Driver/Src/stm32h7xx_hal_cortex.o
                0x080014ae                HAL_SYSTICK_Config
 *fill*         0x080014c6        0x2 
 .text.HAL_MPU_Disable
                0x080014c8       0x30 ./Drivers/STM32H7xx_HAL_Driver/Src/stm32h7xx_hal_cortex.o
                0x080014c8                HAL_MPU_Disable
 .text.HAL_MPU_Enable
                0x080014f8       0x40 ./Drivers/STM32H7xx_HAL_Driver/Src/stm32h7xx_hal_cortex.o
                0x080014f8                HAL_MPU_Enable
 .text.HAL_MPU_ConfigRegion
                0x08001538       0x80 ./Drivers/STM32H7xx_HAL_Driver/Src/stm32h7xx_hal_cortex.o
                0x08001538                HAL_MPU_ConfigRegion
 .text.HAL_DMA_Init
                0x080015b8      0x6b0 ./Drivers/STM32H7xx_HAL_Driver/Src/stm32h7xx_hal_dma.o
                0x080015b8                HAL_DMA_Init
 .text.HAL_DMA_Start_IT
                0x08001c68      0x4d4 ./Drivers/STM32H7xx_HAL_Driver/Src/stm32h7xx_hal_dma.o
                0x08001c68                HAL_DMA_Start_IT
 .text.HAL_DMA_Abort_IT
                0x0800213c      0x48c ./Drivers/STM32H7xx_HAL_Driver/Src/stm32h7xx_hal_dma.o
                0x0800213c                HAL_DMA_Abort_IT
 .text.HAL_DMA_IRQHandler
                0x080025c8      0xe54 ./Drivers/STM32H7xx_HAL_Driver/Src/stm32h7xx_hal_dma.o
                0x080025c8                HAL_DMA_IRQHandler
 .text.HAL_DMA_GetError
                0x0800341c       0x18 ./Drivers/STM32H7xx_HAL_Driver/Src/stm32h7xx_hal_dma.o
                0x0800341c                HAL_DMA_GetError
 .text.DMA_SetConfig
                0x08003434      0x358 ./Drivers/STM32H7xx_HAL_Driver/Src/stm32h7xx_hal_dma.o
 .text.DMA_CalcBaseAndBitshift
                0x0800378c      0x164 ./Drivers/STM32H7xx_HAL_Driver/Src/stm32h7xx_hal_dma.o
 .text.DMA_CheckFifoParam
                0x080038f0       0xf8 ./Drivers/STM32H7xx_HAL_Driver/Src/stm32h7xx_hal_dma.o
 .text.DMA_CalcDMAMUXChannelBaseAndMask
                0x080039e8      0x134 ./Drivers/STM32H7xx_HAL_Driver/Src/stm32h7xx_hal_dma.o
 .text.DMA_CalcDMAMUXRequestGenBaseAndMask
                0x08003b1c       0xe8 ./Drivers/STM32H7xx_HAL_Driver/Src/stm32h7xx_hal_dma.o
 .text.HAL_EXTI_RegisterCallback
                0x08003c04       0x3e ./Drivers/STM32H7xx_HAL_Driver/Src/stm32h7xx_hal_exti.o
                0x08003c04                HAL_EXTI_RegisterCallback
 .text.HAL_EXTI_GetHandle
                0x08003c42       0x28 ./Drivers/STM32H7xx_HAL_Driver/Src/stm32h7xx_hal_exti.o
                0x08003c42                HAL_EXTI_GetHandle
 *fill*         0x08003c6a        0x2 
 .text.HAL_EXTI_IRQHandler
                0x08003c6c       0x60 ./Drivers/STM32H7xx_HAL_Driver/Src/stm32h7xx_hal_exti.o
                0x08003c6c                HAL_EXTI_IRQHandler
 .text.HAL_GPIO_Init
                0x08003ccc      0x350 ./Drivers/STM32H7xx_HAL_Driver/Src/stm32h7xx_hal_gpio.o
                0x08003ccc                HAL_GPIO_Init
 .text.HAL_GPIO_WritePin
                0x0800401c       0x32 ./Drivers/STM32H7xx_HAL_Driver/Src/stm32h7xx_hal_gpio.o
                0x0800401c                HAL_GPIO_WritePin
 .text.HAL_PCD_Init
                0x0800404e      0x218 ./Drivers/STM32H7xx_HAL_Driver/Src/stm32h7xx_hal_pcd.o
                0x0800404e                HAL_PCD_Init
 .text.HAL_PCD_Start
                0x08004266       0x6a ./Drivers/STM32H7xx_HAL_Driver/Src/stm32h7xx_hal_pcd.o
                0x08004266                HAL_PCD_Start
 .text.HAL_PCD_IRQHandler
                0x080042d0      0x99c ./Drivers/STM32H7xx_HAL_Driver/Src/stm32h7xx_hal_pcd.o
                0x080042d0                HAL_PCD_IRQHandler
 .text.HAL_PCD_SetAddress
                0x08004c6c       0x48 ./Drivers/STM32H7xx_HAL_Driver/Src/stm32h7xx_hal_pcd.o
                0x08004c6c                HAL_PCD_SetAddress
 .text.HAL_PCD_EP_Open
                0x08004cb4       0xd4 ./Drivers/STM32H7xx_HAL_Driver/Src/stm32h7xx_hal_pcd.o
                0x08004cb4                HAL_PCD_EP_Open
 .text.HAL_PCD_EP_Close
                0x08004d88       0x94 ./Drivers/STM32H7xx_HAL_Driver/Src/stm32h7xx_hal_pcd.o
                0x08004d88                HAL_PCD_EP_Close
 .text.HAL_PCD_EP_Receive
                0x08004e1c       0x76 ./Drivers/STM32H7xx_HAL_Driver/Src/stm32h7xx_hal_pcd.o
                0x08004e1c                HAL_PCD_EP_Receive
 .text.HAL_PCD_EP_GetRxCount
                0x08004e92       0x30 ./Drivers/STM32H7xx_HAL_Driver/Src/stm32h7xx_hal_pcd.o
                0x08004e92                HAL_PCD_EP_GetRxCount
 .text.HAL_PCD_EP_Transmit
                0x08004ec2       0x74 ./Drivers/STM32H7xx_HAL_Driver/Src/stm32h7xx_hal_pcd.o
                0x08004ec2                HAL_PCD_EP_Transmit
 .text.HAL_PCD_EP_SetStall
                0x08004f36       0xc6 ./Drivers/STM32H7xx_HAL_Driver/Src/stm32h7xx_hal_pcd.o
                0x08004f36                HAL_PCD_EP_SetStall
 .text.HAL_PCD_EP_ClrStall
                0x08004ffc       0xac ./Drivers/STM32H7xx_HAL_Driver/Src/stm32h7xx_hal_pcd.o
                0x08004ffc                HAL_PCD_EP_ClrStall
 .text.HAL_PCD_EP_Abort
                0x080050a8       0x62 ./Drivers/STM32H7xx_HAL_Driver/Src/stm32h7xx_hal_pcd.o
                0x080050a8                HAL_PCD_EP_Abort
 .text.PCD_WriteEmptyTxFifo
                0x0800510a      0x118 ./Drivers/STM32H7xx_HAL_Driver/Src/stm32h7xx_hal_pcd.o
 *fill*         0x08005222        0x2 
 .text.PCD_EP_OutXfrComplete_int
                0x08005224      0x1d0 ./Drivers/STM32H7xx_HAL_Driver/Src/stm32h7xx_hal_pcd.o
 .text.PCD_EP_OutSetupPacket_int
                0x080053f4       0x8c ./Drivers/STM32H7xx_HAL_Driver/Src/stm32h7xx_hal_pcd.o
 .text.HAL_PCDEx_SetTxFiFo
                0x08005480       0x8e ./Drivers/STM32H7xx_HAL_Driver/Src/stm32h7xx_hal_pcd_ex.o
                0x08005480                HAL_PCDEx_SetTxFiFo
 .text.HAL_PCDEx_SetRxFiFo
                0x0800550e       0x22 ./Drivers/STM32H7xx_HAL_Driver/Src/stm32h7xx_hal_pcd_ex.o
                0x0800550e                HAL_PCDEx_SetRxFiFo
 .text.HAL_PCDEx_ActivateLPM
                0x08005530       0x48 ./Drivers/STM32H7xx_HAL_Driver/Src/stm32h7xx_hal_pcd_ex.o
                0x08005530                HAL_PCDEx_ActivateLPM
 .text.HAL_PCDEx_LPM_Callback
                0x08005578       0x18 ./Drivers/STM32H7xx_HAL_Driver/Src/stm32h7xx_hal_pcd_ex.o
                0x08005578                HAL_PCDEx_LPM_Callback
 .text.HAL_PWREx_ConfigSupply
                0x08005590       0x74 ./Drivers/STM32H7xx_HAL_Driver/Src/stm32h7xx_hal_pwr_ex.o
                0x08005590                HAL_PWREx_ConfigSupply
 .text.HAL_PWREx_EnableUSBVoltageDetector
                0x08005604       0x20 ./Drivers/STM32H7xx_HAL_Driver/Src/stm32h7xx_hal_pwr_ex.o
                0x08005604                HAL_PWREx_EnableUSBVoltageDetector
 .text.HAL_RCC_OscConfig
                0x08005624      0x7b4 ./Drivers/STM32H7xx_HAL_Driver/Src/stm32h7xx_hal_rcc.o
                0x08005624                HAL_RCC_OscConfig
 .text.HAL_RCC_ClockConfig
                0x08005dd8      0x36c ./Drivers/STM32H7xx_HAL_Driver/Src/stm32h7xx_hal_rcc.o
                0x08005dd8                HAL_RCC_ClockConfig
 .text.HAL_RCC_EnableCSS
                0x08006144       0x20 ./Drivers/STM32H7xx_HAL_Driver/Src/stm32h7xx_hal_rcc.o
                0x08006144                HAL_RCC_EnableCSS
 .text.HAL_RCC_GetSysClockFreq
                0x08006164      0x2f4 ./Drivers/STM32H7xx_HAL_Driver/Src/stm32h7xx_hal_rcc.o
                0x08006164                HAL_RCC_GetSysClockFreq
 .text.HAL_RCC_GetHCLKFreq
                0x08006458       0x60 ./Drivers/STM32H7xx_HAL_Driver/Src/stm32h7xx_hal_rcc.o
                0x08006458                HAL_RCC_GetHCLKFreq
 .text.HAL_RCC_GetPCLK1Freq
                0x080064b8       0x2c ./Drivers/STM32H7xx_HAL_Driver/Src/stm32h7xx_hal_rcc.o
                0x080064b8                HAL_RCC_GetPCLK1Freq
 .text.HAL_RCC_GetPCLK2Freq
                0x080064e4       0x2c ./Drivers/STM32H7xx_HAL_Driver/Src/stm32h7xx_hal_rcc.o
                0x080064e4                HAL_RCC_GetPCLK2Freq
 .text.HAL_RCC_NMI_IRQHandler
                0x08006510       0x28 ./Drivers/STM32H7xx_HAL_Driver/Src/stm32h7xx_hal_rcc.o
                0x08006510                HAL_RCC_NMI_IRQHandler
 .text.HAL_RCC_CSSCallback
                0x08006538        0xe ./Drivers/STM32H7xx_HAL_Driver/Src/stm32h7xx_hal_rcc.o
                0x08006538                HAL_RCC_CSSCallback
 *fill*         0x08006546        0x2 
 .text.HAL_RCCEx_PeriphCLKConfig
                0x08006548     0x1340 ./Drivers/STM32H7xx_HAL_Driver/Src/stm32h7xx_hal_rcc_ex.o
                0x08006548                HAL_RCCEx_PeriphCLKConfig
 .text.HAL_RCCEx_GetD3PCLK1Freq
                0x08007888       0x2c ./Drivers/STM32H7xx_HAL_Driver/Src/stm32h7xx_hal_rcc_ex.o
                0x08007888                HAL_RCCEx_GetD3PCLK1Freq
 .text.HAL_RCCEx_GetPLL2ClockFreq
                0x080078b4      0x2a8 ./Drivers/STM32H7xx_HAL_Driver/Src/stm32h7xx_hal_rcc_ex.o
                0x080078b4                HAL_RCCEx_GetPLL2ClockFreq
 .text.HAL_RCCEx_GetPLL3ClockFreq
                0x08007b5c      0x2a8 ./Drivers/STM32H7xx_HAL_Driver/Src/stm32h7xx_hal_rcc_ex.o
                0x08007b5c                HAL_RCCEx_GetPLL3ClockFreq
 .text.RCCEx_PLL2_Config
                0x08007e04      0x164 ./Drivers/STM32H7xx_HAL_Driver/Src/stm32h7xx_hal_rcc_ex.o
 .text.RCCEx_PLL3_Config
                0x08007f68      0x164 ./Drivers/STM32H7xx_HAL_Driver/Src/stm32h7xx_hal_rcc_ex.o
 .text.HAL_SPI_Init
                0x080080cc      0x248 ./Drivers/STM32H7xx_HAL_Driver/Src/stm32h7xx_hal_spi.o
                0x080080cc                HAL_SPI_Init
 .text.HAL_SPI_Transmit_DMA
                0x08008314      0x284 ./Drivers/STM32H7xx_HAL_Driver/Src/stm32h7xx_hal_spi.o
                0x08008314                HAL_SPI_Transmit_DMA
 .text.HAL_SPI_IRQHandler
                0x08008598      0x39c ./Drivers/STM32H7xx_HAL_Driver/Src/stm32h7xx_hal_spi.o
                0x08008598                HAL_SPI_IRQHandler
 .text.HAL_SPI_TxCpltCallback
                0x08008934       0x14 ./Drivers/STM32H7xx_HAL_Driver/Src/stm32h7xx_hal_spi.o
                0x08008934                HAL_SPI_TxCpltCallback
 .text.HAL_SPI_RxCpltCallback
                0x08008948       0x14 ./Drivers/STM32H7xx_HAL_Driver/Src/stm32h7xx_hal_spi.o
                0x08008948                HAL_SPI_RxCpltCallback
 .text.HAL_SPI_TxRxCpltCallback
                0x0800895c       0x14 ./Drivers/STM32H7xx_HAL_Driver/Src/stm32h7xx_hal_spi.o
                0x0800895c                HAL_SPI_TxRxCpltCallback
 .text.HAL_SPI_TxHalfCpltCallback
                0x08008970       0x14 ./Drivers/STM32H7xx_HAL_Driver/Src/stm32h7xx_hal_spi.o
                0x08008970                HAL_SPI_TxHalfCpltCallback
 .text.HAL_SPI_ErrorCallback
                0x08008984       0x14 ./Drivers/STM32H7xx_HAL_Driver/Src/stm32h7xx_hal_spi.o
                0x08008984                HAL_SPI_ErrorCallback
 .text.HAL_SPI_SuspendCallback
                0x08008998       0x14 ./Drivers/STM32H7xx_HAL_Driver/Src/stm32h7xx_hal_spi.o
                0x08008998                HAL_SPI_SuspendCallback
 .text.HAL_SPI_GetState
                0x080089ac       0x1c ./Drivers/STM32H7xx_HAL_Driver/Src/stm32h7xx_hal_spi.o
                0x080089ac                HAL_SPI_GetState
 .text.SPI_DMATransmitCplt
                0x080089c8       0x46 ./Drivers/STM32H7xx_HAL_Driver/Src/stm32h7xx_hal_spi.o
 .text.SPI_DMAHalfTransmitCplt
                0x08008a0e       0x1c ./Drivers/STM32H7xx_HAL_Driver/Src/stm32h7xx_hal_spi.o
 .text.SPI_DMAError
                0x08008a2a       0x46 ./Drivers/STM32H7xx_HAL_Driver/Src/stm32h7xx_hal_spi.o
 .text.SPI_DMAAbortOnError
                0x08008a70       0x34 ./Drivers/STM32H7xx_HAL_Driver/Src/stm32h7xx_hal_spi.o
 .text.SPI_CloseTransfer
                0x08008aa4      0x140 ./Drivers/STM32H7xx_HAL_Driver/Src/stm32h7xx_hal_spi.o
 .text.SPI_GetPacketSize
                0x08008be4       0x36 ./Drivers/STM32H7xx_HAL_Driver/Src/stm32h7xx_hal_spi.o
 .text.HAL_UART_Init
                0x08008c1a       0xa0 ./Drivers/STM32H7xx_HAL_Driver/Src/stm32h7xx_hal_uart.o
                0x08008c1a                HAL_UART_Init
 .text.HAL_UART_MspInit
                0x08008cba       0x14 ./Drivers/STM32H7xx_HAL_Driver/Src/stm32h7xx_hal_uart.o
                0x08008cba                HAL_UART_MspInit
 *fill*         0x08008cce        0x2 
 .text.UART_SetConfig
                0x08008cd0      0xcd8 ./Drivers/STM32H7xx_HAL_Driver/Src/stm32h7xx_hal_uart.o
                0x08008cd0                UART_SetConfig
 .text.UART_AdvFeatureConfig
                0x080099a8      0x144 ./Drivers/STM32H7xx_HAL_Driver/Src/stm32h7xx_hal_uart.o
                0x080099a8                UART_AdvFeatureConfig
 .text.UART_CheckIdleState
                0x08009aec      0x154 ./Drivers/STM32H7xx_HAL_Driver/Src/stm32h7xx_hal_uart.o
                0x08009aec                UART_CheckIdleState
 .text.UART_WaitOnFlagUntilTimeout
                0x08009c40       0xda ./Drivers/STM32H7xx_HAL_Driver/Src/stm32h7xx_hal_uart.o
                0x08009c40                UART_WaitOnFlagUntilTimeout
 *fill*         0x08009d1a        0x2 
 .text.UART_EndRxTransfer
                0x08009d1c       0xcc ./Drivers/STM32H7xx_HAL_Driver/Src/stm32h7xx_hal_uart.o
 .text.USB_CoreInit
                0x08009de8       0xe4 ./Drivers/STM32H7xx_HAL_Driver/Src/stm32h7xx_ll_usb.o
                0x08009de8                USB_CoreInit
 .text.USB_SetTurnaroundTime
                0x08009ecc      0x144 ./Drivers/STM32H7xx_HAL_Driver/Src/stm32h7xx_ll_usb.o
                0x08009ecc                USB_SetTurnaroundTime
 .text.USB_EnableGlobalInt
                0x0800a010       0x22 ./Drivers/STM32H7xx_HAL_Driver/Src/stm32h7xx_ll_usb.o
                0x0800a010                USB_EnableGlobalInt
 .text.USB_DisableGlobalInt
                0x0800a032       0x22 ./Drivers/STM32H7xx_HAL_Driver/Src/stm32h7xx_ll_usb.o
                0x0800a032                USB_DisableGlobalInt
 .text.USB_SetCurrentMode
                0x0800a054       0x98 ./Drivers/STM32H7xx_HAL_Driver/Src/stm32h7xx_ll_usb.o
                0x0800a054                USB_SetCurrentMode
 .text.USB_DevInit
                0x0800a0ec      0x2bc ./Drivers/STM32H7xx_HAL_Driver/Src/stm32h7xx_ll_usb.o
                0x0800a0ec                USB_DevInit
 .text.USB_FlushTxFifo
                0x0800a3a8       0x64 ./Drivers/STM32H7xx_HAL_Driver/Src/stm32h7xx_ll_usb.o
                0x0800a3a8                USB_FlushTxFifo
 .text.USB_FlushRxFifo
                0x0800a40c       0x5c ./Drivers/STM32H7xx_HAL_Driver/Src/stm32h7xx_ll_usb.o
                0x0800a40c                USB_FlushRxFifo
 .text.USB_SetDevSpeed
                0x0800a468       0x32 ./Drivers/STM32H7xx_HAL_Driver/Src/stm32h7xx_ll_usb.o
                0x0800a468                USB_SetDevSpeed
 .text.USB_GetDevSpeed
                0x0800a49a       0x4a ./Drivers/STM32H7xx_HAL_Driver/Src/stm32h7xx_ll_usb.o
                0x0800a49a                USB_GetDevSpeed
 .text.USB_ActivateEndpoint
                0x0800a4e4      0x110 ./Drivers/STM32H7xx_HAL_Driver/Src/stm32h7xx_ll_usb.o
                0x0800a4e4                USB_ActivateEndpoint
 .text.USB_DeactivateEndpoint
                0x0800a5f4      0x1b8 ./Drivers/STM32H7xx_HAL_Driver/Src/stm32h7xx_ll_usb.o
                0x0800a5f4                USB_DeactivateEndpoint
 .text.USB_EPStartXfer
                0x0800a7ac      0x548 ./Drivers/STM32H7xx_HAL_Driver/Src/stm32h7xx_ll_usb.o
                0x0800a7ac                USB_EPStartXfer
 .text.USB_EPStopXfer
                0x0800acf4      0x154 ./Drivers/STM32H7xx_HAL_Driver/Src/stm32h7xx_ll_usb.o
                0x0800acf4                USB_EPStopXfer
 .text.USB_WritePacket
                0x0800ae48       0x7c ./Drivers/STM32H7xx_HAL_Driver/Src/stm32h7xx_ll_usb.o
                0x0800ae48                USB_WritePacket
 .text.USB_ReadPacket
                0x0800aec4       0xb0 ./Drivers/STM32H7xx_HAL_Driver/Src/stm32h7xx_ll_usb.o
                0x0800aec4                USB_ReadPacket
 .text.USB_EPSetStall
                0x0800af74       0xdc ./Drivers/STM32H7xx_HAL_Driver/Src/stm32h7xx_ll_usb.o
                0x0800af74                USB_EPSetStall
 .text.USB_EPClearStall
                0x0800b050       0xcc ./Drivers/STM32H7xx_HAL_Driver/Src/stm32h7xx_ll_usb.o
                0x0800b050                USB_EPClearStall
 .text.USB_SetDevAddress
                0x0800b11c       0x4c ./Drivers/STM32H7xx_HAL_Driver/Src/stm32h7xx_ll_usb.o
                0x0800b11c                USB_SetDevAddress
 .text.USB_DevConnect
                0x0800b168       0x42 ./Drivers/STM32H7xx_HAL_Driver/Src/stm32h7xx_ll_usb.o
                0x0800b168                USB_DevConnect
 .text.USB_DevDisconnect
                0x0800b1aa       0x42 ./Drivers/STM32H7xx_HAL_Driver/Src/stm32h7xx_ll_usb.o
                0x0800b1aa                USB_DevDisconnect
 .text.USB_ReadInterrupts
                0x0800b1ec       0x26 ./Drivers/STM32H7xx_HAL_Driver/Src/stm32h7xx_ll_usb.o
                0x0800b1ec                USB_ReadInterrupts
 .text.USB_ReadDevAllOutEpInterrupt
                0x0800b212       0x34 ./Drivers/STM32H7xx_HAL_Driver/Src/stm32h7xx_ll_usb.o
                0x0800b212                USB_ReadDevAllOutEpInterrupt
 .text.USB_ReadDevAllInEpInterrupt
                0x0800b246       0x34 ./Drivers/STM32H7xx_HAL_Driver/Src/stm32h7xx_ll_usb.o
                0x0800b246                USB_ReadDevAllInEpInterrupt
 .text.USB_ReadDevOutEPInterrupt
                0x0800b27a       0x3c ./Drivers/STM32H7xx_HAL_Driver/Src/stm32h7xx_ll_usb.o
                0x0800b27a                USB_ReadDevOutEPInterrupt
 .text.USB_ReadDevInEPInterrupt
                0x0800b2b6       0x5c ./Drivers/STM32H7xx_HAL_Driver/Src/stm32h7xx_ll_usb.o
                0x0800b2b6                USB_ReadDevInEPInterrupt
 .text.USB_GetMode
                0x0800b312       0x1c ./Drivers/STM32H7xx_HAL_Driver/Src/stm32h7xx_ll_usb.o
                0x0800b312                USB_GetMode
 *fill*         0x0800b32e        0x2 
 .text.USB_ActivateSetup
                0x0800b330       0x48 ./Drivers/STM32H7xx_HAL_Driver/Src/stm32h7xx_ll_usb.o
                0x0800b330                USB_ActivateSetup
 .text.USB_EP0_OutStart
                0x0800b378       0xbc ./Drivers/STM32H7xx_HAL_Driver/Src/stm32h7xx_ll_usb.o
                0x0800b378                USB_EP0_OutStart
 .text.USB_CoreReset
                0x0800b434       0x62 ./Drivers/STM32H7xx_HAL_Driver/Src/stm32h7xx_ll_usb.o
 *fill*         0x0800b496        0x2 
 .text.USBD_CUSTOM_HID_Init
                0x0800b498      0x158 ./Middlewares/ST/STM32_USB_Device_Library/Class/CustomHID/Src/usbd_customhid.o
 .text.USBD_CUSTOM_HID_DeInit
                0x0800b5f0       0xf4 ./Middlewares/ST/STM32_USB_Device_Library/Class/CustomHID/Src/usbd_customhid.o
 .text.USBD_CUSTOM_HID_Setup
                0x0800b6e4      0x248 ./Middlewares/ST/STM32_USB_Device_Library/Class/CustomHID/Src/usbd_customhid.o
 .text.USBD_CUSTOM_HID_GetFSCfgDesc
                0x0800b92c       0x64 ./Middlewares/ST/STM32_USB_Device_Library/Class/CustomHID/Src/usbd_customhid.o
 .text.USBD_CUSTOM_HID_GetHSCfgDesc
                0x0800b990       0x64 ./Middlewares/ST/STM32_USB_Device_Library/Class/CustomHID/Src/usbd_customhid.o
 .text.USBD_CUSTOM_HID_GetOtherSpeedCfgDesc
                0x0800b9f4       0x64 ./Middlewares/ST/STM32_USB_Device_Library/Class/CustomHID/Src/usbd_customhid.o
 .text.USBD_CUSTOM_HID_DataIn
                0x0800ba58       0x2c ./Middlewares/ST/STM32_USB_Device_Library/Class/CustomHID/Src/usbd_customhid.o
 .text.USBD_CUSTOM_HID_DataOut
                0x0800ba84       0x60 ./Middlewares/ST/STM32_USB_Device_Library/Class/CustomHID/Src/usbd_customhid.o
 .text.USBD_CUSTOM_HID_ReceivePacket
                0x0800bae4       0x4c ./Middlewares/ST/STM32_USB_Device_Library/Class/CustomHID/Src/usbd_customhid.o
                0x0800bae4                USBD_CUSTOM_HID_ReceivePacket
 .text.USBD_CUSTOM_HID_EP0_RxReady
                0x0800bb30       0x58 ./Middlewares/ST/STM32_USB_Device_Library/Class/CustomHID/Src/usbd_customhid.o
 .text.USBD_CUSTOM_HID_GetDeviceQualifierDesc
                0x0800bb88       0x20 ./Middlewares/ST/STM32_USB_Device_Library/Class/CustomHID/Src/usbd_customhid.o
 .text.USBD_CUSTOM_HID_RegisterInterface
                0x0800bba8       0x34 ./Middlewares/ST/STM32_USB_Device_Library/Class/CustomHID/Src/usbd_customhid.o
                0x0800bba8                USBD_CUSTOM_HID_RegisterInterface
 .text.USBD_Init
                0x0800bbdc       0x60 ./Middlewares/ST/STM32_USB_Device_Library/Core/Src/usbd_core.o
                0x0800bbdc                USBD_Init
 .text.USBD_RegisterClass
                0x0800bc3c       0x6c ./Middlewares/ST/STM32_USB_Device_Library/Core/Src/usbd_core.o
                0x0800bc3c                USBD_RegisterClass
 .text.USBD_Start
                0x0800bca8       0x18 ./Middlewares/ST/STM32_USB_Device_Library/Core/Src/usbd_core.o
                0x0800bca8                USBD_Start
 .text.USBD_RunTestMode
                0x0800bcc0       0x16 ./Middlewares/ST/STM32_USB_Device_Library/Core/Src/usbd_core.o
                0x0800bcc0                USBD_RunTestMode
 .text.USBD_SetClassConfig
                0x0800bcd6       0x38 ./Middlewares/ST/STM32_USB_Device_Library/Core/Src/usbd_core.o
                0x0800bcd6                USBD_SetClassConfig
 .text.USBD_ClrClassConfig
                0x0800bd0e       0x34 ./Middlewares/ST/STM32_USB_Device_Library/Core/Src/usbd_core.o
                0x0800bd0e                USBD_ClrClassConfig
 .text.USBD_LL_SetupStage
                0x0800bd42       0xaa ./Middlewares/ST/STM32_USB_Device_Library/Core/Src/usbd_core.o
                0x0800bd42                USBD_LL_SetupStage
 .text.USBD_LL_DataOutStage
                0x0800bdec      0x166 ./Middlewares/ST/STM32_USB_Device_Library/Core/Src/usbd_core.o
                0x0800bdec                USBD_LL_DataOutStage
 .text.USBD_LL_DataInStage
                0x0800bf52      0x164 ./Middlewares/ST/STM32_USB_Device_Library/Core/Src/usbd_core.o
                0x0800bf52                USBD_LL_DataInStage
 .text.USBD_LL_Reset
                0x0800c0b6       0xa4 ./Middlewares/ST/STM32_USB_Device_Library/Core/Src/usbd_core.o
                0x0800c0b6                USBD_LL_Reset
 .text.USBD_LL_SetSpeed
                0x0800c15a       0x20 ./Middlewares/ST/STM32_USB_Device_Library/Core/Src/usbd_core.o
                0x0800c15a                USBD_LL_SetSpeed
 .text.USBD_LL_Suspend
                0x0800c17a       0x38 ./Middlewares/ST/STM32_USB_Device_Library/Core/Src/usbd_core.o
                0x0800c17a                USBD_LL_Suspend
 .text.USBD_LL_Resume
                0x0800c1b2       0x30 ./Middlewares/ST/STM32_USB_Device_Library/Core/Src/usbd_core.o
                0x0800c1b2                USBD_LL_Resume
 .text.USBD_LL_SOF
                0x0800c1e2       0x40 ./Middlewares/ST/STM32_USB_Device_Library/Core/Src/usbd_core.o
                0x0800c1e2                USBD_LL_SOF
 .text.USBD_LL_IsoINIncomplete
                0x0800c222       0x64 ./Middlewares/ST/STM32_USB_Device_Library/Core/Src/usbd_core.o
                0x0800c222                USBD_LL_IsoINIncomplete
 .text.USBD_LL_IsoOUTIncomplete
                0x0800c286       0x64 ./Middlewares/ST/STM32_USB_Device_Library/Core/Src/usbd_core.o
                0x0800c286                USBD_LL_IsoOUTIncomplete
 .text.USBD_LL_DevConnected
                0x0800c2ea       0x16 ./Middlewares/ST/STM32_USB_Device_Library/Core/Src/usbd_core.o
                0x0800c2ea                USBD_LL_DevConnected
 .text.USBD_LL_DevDisconnected
                0x0800c300       0x46 ./Middlewares/ST/STM32_USB_Device_Library/Core/Src/usbd_core.o
                0x0800c300                USBD_LL_DevDisconnected
 .text.USBD_CoreFindIF
                0x0800c346       0x1a ./Middlewares/ST/STM32_USB_Device_Library/Core/Src/usbd_core.o
                0x0800c346                USBD_CoreFindIF
 .text.USBD_CoreFindEP
                0x0800c360       0x1a ./Middlewares/ST/STM32_USB_Device_Library/Core/Src/usbd_core.o
                0x0800c360                USBD_CoreFindEP
 .text.USBD_GetEpDesc
                0x0800c37a       0x70 ./Middlewares/ST/STM32_USB_Device_Library/Core/Src/usbd_core.o
                0x0800c37a                USBD_GetEpDesc
 .text.USBD_GetNextDesc
                0x0800c3ea       0x38 ./Middlewares/ST/STM32_USB_Device_Library/Core/Src/usbd_core.o
                0x0800c3ea                USBD_GetNextDesc
 .text.SWAPBYTE
                0x0800c422       0x3e ./Middlewares/ST/STM32_USB_Device_Library/Core/Src/usbd_ctlreq.o
 .text.USBD_StdDevReq
                0x0800c460       0xe4 ./Middlewares/ST/STM32_USB_Device_Library/Core/Src/usbd_ctlreq.o
                0x0800c460                USBD_StdDevReq
 .text.USBD_StdItfReq
                0x0800c544       0xd8 ./Middlewares/ST/STM32_USB_Device_Library/Core/Src/usbd_ctlreq.o
                0x0800c544                USBD_StdItfReq
 .text.USBD_StdEPReq
                0x0800c61c      0x33a ./Middlewares/ST/STM32_USB_Device_Library/Core/Src/usbd_ctlreq.o
                0x0800c61c                USBD_StdEPReq
 *fill*         0x0800c956        0x2 
 .text.USBD_GetDescriptor
                0x0800c958      0x328 ./Middlewares/ST/STM32_USB_Device_Library/Core/Src/usbd_ctlreq.o
 .text.USBD_SetAddress
                0x0800cc80       0x88 ./Middlewares/ST/STM32_USB_Device_Library/Core/Src/usbd_ctlreq.o
 .text.USBD_SetConfig
                0x0800cd08      0x154 ./Middlewares/ST/STM32_USB_Device_Library/Core/Src/usbd_ctlreq.o
 .text.USBD_GetConfig
                0x0800ce5c       0x6c ./Middlewares/ST/STM32_USB_Device_Library/Core/Src/usbd_ctlreq.o
 .text.USBD_GetStatus
                0x0800cec8       0x68 ./Middlewares/ST/STM32_USB_Device_Library/Core/Src/usbd_ctlreq.o
 .text.USBD_SetFeature
                0x0800cf30       0x52 ./Middlewares/ST/STM32_USB_Device_Library/Core/Src/usbd_ctlreq.o
 .text.USBD_ClrFeature
                0x0800cf82       0x44 ./Middlewares/ST/STM32_USB_Device_Library/Core/Src/usbd_ctlreq.o
 .text.USBD_ParseSetupRequest
                0x0800cfc6       0x74 ./Middlewares/ST/STM32_USB_Device_Library/Core/Src/usbd_ctlreq.o
                0x0800cfc6                USBD_ParseSetupRequest
 .text.USBD_CtlError
                0x0800d03a       0x22 ./Middlewares/ST/STM32_USB_Device_Library/Core/Src/usbd_ctlreq.o
                0x0800d03a                USBD_CtlError
 .text.USBD_GetString
                0x0800d05c       0xa4 ./Middlewares/ST/STM32_USB_Device_Library/Core/Src/usbd_ctlreq.o
                0x0800d05c                USBD_GetString
 .text.USBD_GetLen
                0x0800d100       0x34 ./Middlewares/ST/STM32_USB_Device_Library/Core/Src/usbd_ctlreq.o
 .text.USBD_CtlSendData
                0x0800d134       0x36 ./Middlewares/ST/STM32_USB_Device_Library/Core/Src/usbd_ioreq.o
                0x0800d134                USBD_CtlSendData
 .text.USBD_CtlContinueSendData
                0x0800d16a       0x22 ./Middlewares/ST/STM32_USB_Device_Library/Core/Src/usbd_ioreq.o
                0x0800d16a                USBD_CtlContinueSendData
 .text.USBD_CtlPrepareRx
                0x0800d18c       0x3a ./Middlewares/ST/STM32_USB_Device_Library/Core/Src/usbd_ioreq.o
                0x0800d18c                USBD_CtlPrepareRx
 .text.USBD_CtlContinueRx
                0x0800d1c6       0x22 ./Middlewares/ST/STM32_USB_Device_Library/Core/Src/usbd_ioreq.o
                0x0800d1c6                USBD_CtlContinueRx
 .text.USBD_CtlSendStatus
                0x0800d1e8       0x26 ./Middlewares/ST/STM32_USB_Device_Library/Core/Src/usbd_ioreq.o
                0x0800d1e8                USBD_CtlSendStatus
 .text.USBD_CtlReceiveStatus
                0x0800d20e       0x26 ./Middlewares/ST/STM32_USB_Device_Library/Core/Src/usbd_ioreq.o
                0x0800d20e                USBD_CtlReceiveStatus
 .text.MX_USB_DEVICE_Init
                0x0800d234       0x64 ./USB_DEVICE/App/usb_device.o
                0x0800d234                MX_USB_DEVICE_Init
 .text.CUSTOM_HID_Init_HS
                0x0800d298       0x20 ./USB_DEVICE/App/usbd_custom_hid_if.o
 .text.CUSTOM_HID_DeInit_HS
                0x0800d2b8       0x10 ./USB_DEVICE/App/usbd_custom_hid_if.o
 .text.CUSTOM_HID_OutEvent_HS
                0x0800d2c8       0x30 ./USB_DEVICE/App/usbd_custom_hid_if.o
 .text.USBD_HS_DeviceDescriptor
                0x0800d2f8       0x24 ./USB_DEVICE/App/usbd_desc.o
                0x0800d2f8                USBD_HS_DeviceDescriptor
 .text.USBD_HS_LangIDStrDescriptor
                0x0800d31c       0x24 ./USB_DEVICE/App/usbd_desc.o
                0x0800d31c                USBD_HS_LangIDStrDescriptor
 .text.USBD_HS_ProductStrDescriptor
                0x0800d340       0x3c ./USB_DEVICE/App/usbd_desc.o
                0x0800d340                USBD_HS_ProductStrDescriptor
 .text.USBD_HS_ManufacturerStrDescriptor
                0x0800d37c       0x28 ./USB_DEVICE/App/usbd_desc.o
                0x0800d37c                USBD_HS_ManufacturerStrDescriptor
 .text.USBD_HS_SerialStrDescriptor
                0x0800d3a4       0x24 ./USB_DEVICE/App/usbd_desc.o
                0x0800d3a4                USBD_HS_SerialStrDescriptor
 .text.USBD_HS_ConfigStrDescriptor
                0x0800d3c8       0x3c ./USB_DEVICE/App/usbd_desc.o
                0x0800d3c8                USBD_HS_ConfigStrDescriptor
 .text.USBD_HS_InterfaceStrDescriptor
                0x0800d404       0x3c ./USB_DEVICE/App/usbd_desc.o
                0x0800d404                USBD_HS_InterfaceStrDescriptor
 .text.Get_SerialNum
                0x0800d440       0x58 ./USB_DEVICE/App/usbd_desc.o
 .text.IntToUnicode
                0x0800d498       0x7e ./USB_DEVICE/App/usbd_desc.o
 *fill*         0x0800d516        0x2 
 .text.HAL_PCD_MspInit
                0x0800d518      0x1a0 ./USB_DEVICE/Target/usbd_conf.o
                0x0800d518                HAL_PCD_MspInit
 .text.HAL_PCD_SetupStageCallback
                0x0800d6b8       0x24 ./USB_DEVICE/Target/usbd_conf.o
                0x0800d6b8                HAL_PCD_SetupStageCallback
 .text.HAL_PCD_DataOutStageCallback
                0x0800d6dc       0x36 ./USB_DEVICE/Target/usbd_conf.o
                0x0800d6dc                HAL_PCD_DataOutStageCallback
 .text.HAL_PCD_DataInStageCallback
                0x0800d712       0x34 ./USB_DEVICE/Target/usbd_conf.o
                0x0800d712                HAL_PCD_DataInStageCallback
 .text.HAL_PCD_SOFCallback
                0x0800d746       0x1c ./USB_DEVICE/Target/usbd_conf.o
                0x0800d746                HAL_PCD_SOFCallback
 .text.HAL_PCD_ResetCallback
                0x0800d762       0x50 ./USB_DEVICE/Target/usbd_conf.o
                0x0800d762                HAL_PCD_ResetCallback
 *fill*         0x0800d7b2        0x2 
 .text.HAL_PCD_SuspendCallback
                0x0800d7b4       0x4c ./USB_DEVICE/Target/usbd_conf.o
                0x0800d7b4                HAL_PCD_SuspendCallback
 .text.HAL_PCD_ResumeCallback
                0x0800d800       0x1c ./USB_DEVICE/Target/usbd_conf.o
                0x0800d800                HAL_PCD_ResumeCallback
 .text.HAL_PCD_ISOOUTIncompleteCallback
                0x0800d81c       0x24 ./USB_DEVICE/Target/usbd_conf.o
                0x0800d81c                HAL_PCD_ISOOUTIncompleteCallback
 .text.HAL_PCD_ISOINIncompleteCallback
                0x0800d840       0x24 ./USB_DEVICE/Target/usbd_conf.o
                0x0800d840                HAL_PCD_ISOINIncompleteCallback
 .text.HAL_PCD_ConnectCallback
                0x0800d864       0x1c ./USB_DEVICE/Target/usbd_conf.o
                0x0800d864                HAL_PCD_ConnectCallback
 .text.HAL_PCD_DisconnectCallback
                0x0800d880       0x1c ./USB_DEVICE/Target/usbd_conf.o
                0x0800d880                HAL_PCD_DisconnectCallback
 .text.USBD_LL_Init
                0x0800d89c       0xa4 ./USB_DEVICE/Target/usbd_conf.o
                0x0800d89c                USBD_LL_Init
 .text.USBD_LL_Start
                0x0800d940       0x36 ./USB_DEVICE/Target/usbd_conf.o
                0x0800d940                USBD_LL_Start
 .text.USBD_LL_OpenEP
                0x0800d976       0x4c ./USB_DEVICE/Target/usbd_conf.o
                0x0800d976                USBD_LL_OpenEP
 .text.USBD_LL_CloseEP
                0x0800d9c2       0x3e ./USB_DEVICE/Target/usbd_conf.o
                0x0800d9c2                USBD_LL_CloseEP
 .text.USBD_LL_StallEP
                0x0800da00       0x3e ./USB_DEVICE/Target/usbd_conf.o
                0x0800da00                USBD_LL_StallEP
 .text.USBD_LL_ClearStallEP
                0x0800da3e       0x3e ./USB_DEVICE/Target/usbd_conf.o
                0x0800da3e                USBD_LL_ClearStallEP
 .text.USBD_LL_IsStallEP
                0x0800da7c       0x58 ./USB_DEVICE/Target/usbd_conf.o
                0x0800da7c                USBD_LL_IsStallEP
 .text.USBD_LL_SetUSBAddress
                0x0800dad4       0x3e ./USB_DEVICE/Target/usbd_conf.o
                0x0800dad4                USBD_LL_SetUSBAddress
 .text.USBD_LL_Transmit
                0x0800db12       0x42 ./USB_DEVICE/Target/usbd_conf.o
                0x0800db12                USBD_LL_Transmit
 .text.USBD_LL_PrepareReceive
                0x0800db54       0x42 ./USB_DEVICE/Target/usbd_conf.o
                0x0800db54                USBD_LL_PrepareReceive
 .text.USBD_LL_GetRxDataSize
                0x0800db96       0x26 ./USB_DEVICE/Target/usbd_conf.o
                0x0800db96                USBD_LL_GetRxDataSize
 .text.USBD_static_malloc
                0x0800dbbc       0x1c ./USB_DEVICE/Target/usbd_conf.o
                0x0800dbbc                USBD_static_malloc
 .text.USBD_static_free
                0x0800dbd8       0x14 ./USB_DEVICE/Target/usbd_conf.o
                0x0800dbd8                USBD_static_free
 .text.USBD_Get_USB_Status
                0x0800dbec       0x58 ./USB_DEVICE/Target/usbd_conf.o
                0x0800dbec                USBD_Get_USB_Status
 .text.memset   0x0800dc44       0x10 C:/ST/STM32CubeIDE_1.19.0/STM32CubeIDE/plugins/com.st.stm32cube.ide.mcu.externaltools.gnu-tools-for-stm32.13.3.rel1.win32_1.0.0.202411081344/tools/bin/../lib/gcc/arm-none-eabi/13.3.1/../../../../arm-none-eabi/lib/thumb/v7e-m+dp/hard\libc_nano.a(libc_a-memset.o)
                0x0800dc44                memset
 .text.__libc_init_array
                0x0800dc54       0x48 C:/ST/STM32CubeIDE_1.19.0/STM32CubeIDE/plugins/com.st.stm32cube.ide.mcu.externaltools.gnu-tools-for-stm32.13.3.rel1.win32_1.0.0.202411081344/tools/bin/../lib/gcc/arm-none-eabi/13.3.1/../../../../arm-none-eabi/lib/thumb/v7e-m+dp/hard\libc_nano.a(libc_a-init.o)
                0x0800dc54                __libc_init_array
 *(.glue_7)
 .glue_7        0x0800dc9c        0x0 linker stubs
 *(.glue_7t)
 .glue_7t       0x0800dc9c        0x0 linker stubs
 *(.eh_frame)
 .eh_frame      0x0800dc9c        0x0 C:/ST/STM32CubeIDE_1.19.0/STM32CubeIDE/plugins/com.st.stm32cube.ide.mcu.externaltools.gnu-tools-for-stm32.13.3.rel1.win32_1.0.0.202411081344/tools/bin/../lib/gcc/arm-none-eabi/13.3.1/thumb/v7e-m+dp/hard/crtbegin.o
 *(.init)
 .init          0x0800dc9c        0x4 C:/ST/STM32CubeIDE_1.19.0/STM32CubeIDE/plugins/com.st.stm32cube.ide.mcu.externaltools.gnu-tools-for-stm32.13.3.rel1.win32_1.0.0.202411081344/tools/bin/../lib/gcc/arm-none-eabi/13.3.1/thumb/v7e-m+dp/hard/crti.o
                0x0800dc9c                _init
 .init          0x0800dca0        0x8 C:/ST/STM32CubeIDE_1.19.0/STM32CubeIDE/plugins/com.st.stm32cube.ide.mcu.externaltools.gnu-tools-for-stm32.13.3.rel1.win32_1.0.0.202411081344/tools/bin/../lib/gcc/arm-none-eabi/13.3.1/thumb/v7e-m+dp/hard/crtn.o
 *(.fini)
 .fini          0x0800dca8        0x4 C:/ST/STM32CubeIDE_1.19.0/STM32CubeIDE/plugins/com.st.stm32cube.ide.mcu.externaltools.gnu-tools-for-stm32.13.3.rel1.win32_1.0.0.202411081344/tools/bin/../lib/gcc/arm-none-eabi/13.3.1/thumb/v7e-m+dp/hard/crti.o
                0x0800dca8                _fini
 .fini          0x0800dcac        0x8 C:/ST/STM32CubeIDE_1.19.0/STM32CubeIDE/plugins/com.st.stm32cube.ide.mcu.externaltools.gnu-tools-for-stm32.13.3.rel1.win32_1.0.0.202411081344/tools/bin/../lib/gcc/arm-none-eabi/13.3.1/thumb/v7e-m+dp/hard/crtn.o
                0x0800dcb4                        . = ALIGN (0x4)
                0x0800dcb4                        _etext = .

.vfp11_veneer   0x0800dcb4        0x0
 .vfp11_veneer  0x0800dcb4        0x0 linker stubs

.v4_bx          0x0800dcb4        0x0
 .v4_bx         0x0800dcb4        0x0 linker stubs

.iplt           0x0800dcb4        0x0
 .iplt          0x0800dcb4        0x0 C:/ST/STM32CubeIDE_1.19.0/STM32CubeIDE/plugins/com.st.stm32cube.ide.mcu.externaltools.gnu-tools-for-stm32.13.3.rel1.win32_1.0.0.202411081344/tools/bin/../lib/gcc/arm-none-eabi/13.3.1/thumb/v7e-m+dp/hard/crtbegin.o

.rodata         0x0800dcb4       0x9c
                0x0800dcb4                        . = ALIGN (0x4)
 *(.rodata)
 .rodata        0x0800dcb4       0x5d ./USB_DEVICE/App/usbd_desc.o
 *(.rodata*)
 *fill*         0x0800dd11        0x3 
 .rodata.D1CorePrescTable
                0x0800dd14       0x10 ./Core/Src/system_stm32h7xx.o
                0x0800dd14                D1CorePrescTable
 .rodata.LED_PIN
                0x0800dd24        0x6 ./Drivers/BSP/STM32H7xx_Nucleo/stm32h7xx_nucleo.o
 *fill*         0x0800dd2a        0x2 
 .rodata.BUTTON_EXTI_LINE.2
                0x0800dd2c        0x4 ./Drivers/BSP/STM32H7xx_Nucleo/stm32h7xx_nucleo.o
 .rodata.flagBitshiftOffset.0
                0x0800dd30        0x8 ./Drivers/STM32H7xx_HAL_Driver/Src/stm32h7xx_hal_dma.o
 .rodata.UARTPrescTable
                0x0800dd38       0x18 ./Drivers/STM32H7xx_HAL_Driver/Src/stm32h7xx_hal_uart.o
                0x0800dd38                UARTPrescTable
                0x0800dd50                        . = ALIGN (0x4)

.ARM.extab
 *(.ARM.extab* .gnu.linkonce.armextab.*)

.ARM            0x0800dd50        0x8
                0x0800dd50                        __exidx_start = .
 *(.ARM.exidx*)
 .ARM.exidx     0x0800dd50        0x8 C:/ST/STM32CubeIDE_1.19.0/STM32CubeIDE/plugins/com.st.stm32cube.ide.mcu.externaltools.gnu-tools-for-stm32.13.3.rel1.win32_1.0.0.202411081344/tools/bin/../lib/gcc/arm-none-eabi/13.3.1/thumb/v7e-m+dp/hard\libgcc.a(_udivmoddi4.o)
                0x0800dd58                        __exidx_end = .

.preinit_array  0x0800dd58        0x0
                0x0800dd58                        PROVIDE (__preinit_array_start = .)
 *(.preinit_array*)
                0x0800dd58                        PROVIDE (__preinit_array_end = .)

.init_array     0x0800dd58        0x4
                0x0800dd58                        PROVIDE (__init_array_start = .)
 *(SORT_BY_NAME(.init_array.*))
 *(.init_array*)
 .init_array    0x0800dd58        0x4 C:/ST/STM32CubeIDE_1.19.0/STM32CubeIDE/plugins/com.st.stm32cube.ide.mcu.externaltools.gnu-tools-for-stm32.13.3.rel1.win32_1.0.0.202411081344/tools/bin/../lib/gcc/arm-none-eabi/13.3.1/thumb/v7e-m+dp/hard/crtbegin.o
                0x0800dd5c                        PROVIDE (__init_array_end = .)

.fini_array     0x0800dd5c        0x4
                [!provide]                        PROVIDE (__fini_array_start = .)
 *(SORT_BY_NAME(.fini_array.*))
 *(.fini_array*)
 .fini_array    0x0800dd5c        0x4 C:/ST/STM32CubeIDE_1.19.0/STM32CubeIDE/plugins/com.st.stm32cube.ide.mcu.externaltools.gnu-tools-for-stm32.13.3.rel1.win32_1.0.0.202411081344/tools/bin/../lib/gcc/arm-none-eabi/13.3.1/thumb/v7e-m+dp/hard/crtbegin.o
                [!provide]                        PROVIDE (__fini_array_end = .)
                0x0800dd60                        _sidata = LOADADDR (.data)

.rel.dyn        0x0800dd60        0x0
 .rel.iplt      0x0800dd60        0x0 C:/ST/STM32CubeIDE_1.19.0/STM32CubeIDE/plugins/com.st.stm32cube.ide.mcu.externaltools.gnu-tools-for-stm32.13.3.rel1.win32_1.0.0.202411081344/tools/bin/../lib/gcc/arm-none-eabi/13.3.1/thumb/v7e-m+dp/hard/crtbegin.o

.data           0x24000000      0x110 load address 0x0800dd60
                0x24000000                        . = ALIGN (0x4)
                0x24000000                        _sdata = .
 *(.data)
 *(.data*)
 .data.SystemCoreClock
                0x24000000        0x4 ./Core/Src/system_stm32h7xx.o
                0x24000000                SystemCoreClock
 .data.SystemD2Clock
                0x24000004        0x4 ./Core/Src/system_stm32h7xx.o
                0x24000004                SystemD2Clock
 .data.COM_USART
                0x24000008        0x4 ./Drivers/BSP/STM32H7xx_Nucleo/stm32h7xx_nucleo.o
                0x24000008                COM_USART
 .data.LED_PORT
                0x2400000c        0xc ./Drivers/BSP/STM32H7xx_Nucleo/stm32h7xx_nucleo.o
 .data.BUTTON_PORT
                0x24000018        0x4 ./Drivers/BSP/STM32H7xx_Nucleo/stm32h7xx_nucleo.o
 .data.ButtonCallback.1
                0x2400001c        0x4 ./Drivers/BSP/STM32H7xx_Nucleo/stm32h7xx_nucleo.o
 .data.BSP_BUTTON_PRIO.0
                0x24000020        0x4 ./Drivers/BSP/STM32H7xx_Nucleo/stm32h7xx_nucleo.o
 .data.uwTickPrio
                0x24000024        0x4 ./Drivers/STM32H7xx_HAL_Driver/Src/stm32h7xx_hal.o
                0x24000024                uwTickPrio
 .data.uwTickFreq
                0x24000028        0x1 ./Drivers/STM32H7xx_HAL_Driver/Src/stm32h7xx_hal.o
                0x24000028                uwTickFreq
 *fill*         0x24000029        0x3 
 .data.USBD_CUSTOM_HID
                0x2400002c       0x38 ./Middlewares/ST/STM32_USB_Device_Library/Class/CustomHID/Src/usbd_customhid.o
                0x2400002c                USBD_CUSTOM_HID
 .data.USBD_CUSTOM_HID_CfgDesc
                0x24000064       0x29 ./Middlewares/ST/STM32_USB_Device_Library/Class/CustomHID/Src/usbd_customhid.o
 *fill*         0x2400008d        0x3 
 .data.USBD_CUSTOM_HID_Desc
                0x24000090        0x9 ./Middlewares/ST/STM32_USB_Device_Library/Class/CustomHID/Src/usbd_customhid.o
 *fill*         0x24000099        0x3 
 .data.USBD_CUSTOM_HID_DeviceQualifierDesc
                0x2400009c        0xa ./Middlewares/ST/STM32_USB_Device_Library/Class/CustomHID/Src/usbd_customhid.o
 .data.CUSTOMHIDInEpAdd
                0x240000a6        0x1 ./Middlewares/ST/STM32_USB_Device_Library/Class/CustomHID/Src/usbd_customhid.o
 .data.CUSTOMHIDOutEpAdd
                0x240000a7        0x1 ./Middlewares/ST/STM32_USB_Device_Library/Class/CustomHID/Src/usbd_customhid.o
 .data.CUSTOM_HID_ReportDesc_HS
                0x240000a8        0x2 ./USB_DEVICE/App/usbd_custom_hid_if.o
 *fill*         0x240000aa        0x2 
 .data.USBD_CustomHID_fops_HS
                0x240000ac       0x10 ./USB_DEVICE/App/usbd_custom_hid_if.o
                0x240000ac                USBD_CustomHID_fops_HS
 .data.HS_Desc  0x240000bc       0x20 ./USB_DEVICE/App/usbd_desc.o
                0x240000bc                HS_Desc
 .data.USBD_HS_DeviceDesc
                0x240000dc       0x12 ./USB_DEVICE/App/usbd_desc.o
                0x240000dc                USBD_HS_DeviceDesc
 *fill*         0x240000ee        0x2 
 .data.USBD_LangIDDesc
                0x240000f0        0x4 ./USB_DEVICE/App/usbd_desc.o
                0x240000f0                USBD_LangIDDesc
 .data.USBD_StringSerial
                0x240000f4       0x1a ./USB_DEVICE/App/usbd_desc.o
                0x240000f4                USBD_StringSerial
 *(.RamFunc)
 *(.RamFunc*)
                0x24000110                        . = ALIGN (0x4)
 *fill*         0x2400010e        0x2 
                0x24000110                        _edata = .

.igot.plt       0x24000110        0x0 load address 0x0800de70
 .igot.plt      0x24000110        0x0 C:/ST/STM32CubeIDE_1.19.0/STM32CubeIDE/plugins/com.st.stm32cube.ide.mcu.externaltools.gnu-tools-for-stm32.13.3.rel1.win32_1.0.0.202411081344/tools/bin/../lib/gcc/arm-none-eabi/13.3.1/thumb/v7e-m+dp/hard/crtbegin.o
                0x24000110                        . = ALIGN (0x4)

.bss            0x24000110      0xbac load address 0x0800de70
                0x24000110                        _sbss = .
                0x24000110                        __bss_start__ = _sbss
 *(.bss)
 .bss           0x24000110       0x1c C:/ST/STM32CubeIDE_1.19.0/STM32CubeIDE/plugins/com.st.stm32cube.ide.mcu.externaltools.gnu-tools-for-stm32.13.3.rel1.win32_1.0.0.202411081344/tools/bin/../lib/gcc/arm-none-eabi/13.3.1/thumb/v7e-m+dp/hard/crtbegin.o
 *(.bss*)
 .bss.BspCOMInit
                0x2400012c       0x10 ./Core/Src/main.o
                0x2400012c                BspCOMInit
 .bss.hspi1     0x2400013c       0x88 ./Core/Src/spi.o
                0x2400013c                hspi1
 .bss.hdma_spi1_tx
                0x240001c4       0x78 ./Core/Src/spi.o
                0x240001c4                hdma_spi1_tx
 .bss.hpb_exti  0x2400023c        0x8 ./Drivers/BSP/STM32H7xx_Nucleo/stm32h7xx_nucleo.o
                0x2400023c                hpb_exti
 .bss.hcom_uart
                0x24000244       0x94 ./Drivers/BSP/STM32H7xx_Nucleo/stm32h7xx_nucleo.o
                0x24000244                hcom_uart
 .bss.uwTick    0x240002d8        0x4 ./Drivers/STM32H7xx_HAL_Driver/Src/stm32h7xx_hal.o
                0x240002d8                uwTick
 .bss.cfgidx.0  0x240002dc        0x1 ./Middlewares/ST/STM32_USB_Device_Library/Core/Src/usbd_ctlreq.o
 *fill*         0x240002dd        0x3 
 .bss.hUsbDeviceHS
                0x240002e0      0x2dc ./USB_DEVICE/App/usb_device.o
                0x240002e0                hUsbDeviceHS
 .bss.USBD_StrDesc
                0x240005bc      0x200 ./USB_DEVICE/App/usbd_desc.o
                0x240005bc                USBD_StrDesc
 .bss.hpcd_USB_OTG_HS
                0x240007bc      0x4e4 ./USB_DEVICE/Target/usbd_conf.o
                0x240007bc                hpcd_USB_OTG_HS
 .bss.mem.0     0x24000ca0       0x1c ./USB_DEVICE/Target/usbd_conf.o
 *(COMMON)
                0x24000cbc                        . = ALIGN (0x4)
                0x24000cbc                        _ebss = .
                0x24000cbc                        __bss_end__ = _ebss

._user_heap_stack
                0x24000cbc      0x604 load address 0x0800de70
                0x24000cc0                        . = ALIGN (0x8)
 *fill*         0x24000cbc        0x4 
                [!provide]                        PROVIDE (end = .)
                0x24000cc0                        PROVIDE (_end = .)
                0x24000ec0                        . = (. + _Min_Heap_Size)
 *fill*         0x24000cc0      0x200 
                0x240012c0                        . = (. + _Min_Stack_Size)
 *fill*         0x24000ec0      0x400 
                0x240012c0                        . = ALIGN (0x8)

/DISCARD/
 libc.a(*)
 libm.a(*)
 libgcc.a(*)

.ARM.attributes
                0x00000000       0x2e
 *(.ARM.attributes)
 .ARM.attributes
                0x00000000       0x20 C:/ST/STM32CubeIDE_1.19.0/STM32CubeIDE/plugins/com.st.stm32cube.ide.mcu.externaltools.gnu-tools-for-stm32.13.3.rel1.win32_1.0.0.202411081344/tools/bin/../lib/gcc/arm-none-eabi/13.3.1/thumb/v7e-m+dp/hard/crti.o
 .ARM.attributes
                0x00000020       0x32 C:/ST/STM32CubeIDE_1.19.0/STM32CubeIDE/plugins/com.st.stm32cube.ide.mcu.externaltools.gnu-tools-for-stm32.13.3.rel1.win32_1.0.0.202411081344/tools/bin/../lib/gcc/arm-none-eabi/13.3.1/thumb/v7e-m+dp/hard/crtbegin.o
 .ARM.attributes
                0x00000052       0x32 ./Core/Src/dma.o
 .ARM.attributes
                0x00000084       0x32 ./Core/Src/gpio.o
 .ARM.attributes
                0x000000b6       0x32 ./Core/Src/main.o
 .ARM.attributes
                0x000000e8       0x32 ./Core/Src/spi.o
 .ARM.attributes
                0x0000011a       0x32 ./Core/Src/stm32h7xx_hal_msp.o
 .ARM.attributes
                0x0000014c       0x32 ./Core/Src/stm32h7xx_it.o
 .ARM.attributes
                0x0000017e       0x32 ./Core/Src/system_stm32h7xx.o
 .ARM.attributes
                0x000001b0       0x21 ./Core/Startup/startup_stm32h723zgtx.o
 .ARM.attributes
                0x000001d1       0x32 ./Drivers/BSP/STM32H7xx_Nucleo/stm32h7xx_nucleo.o
 .ARM.attributes
                0x00000203       0x32 ./Drivers/STM32H7xx_HAL_Driver/Src/stm32h7xx_hal.o
 .ARM.attributes
                0x00000235       0x32 ./Drivers/STM32H7xx_HAL_Driver/Src/stm32h7xx_hal_cortex.o
 .ARM.attributes
                0x00000267       0x32 ./Drivers/STM32H7xx_HAL_Driver/Src/stm32h7xx_hal_dma.o
 .ARM.attributes
                0x00000299       0x32 ./Drivers/STM32H7xx_HAL_Driver/Src/stm32h7xx_hal_exti.o
 .ARM.attributes
                0x000002cb       0x32 ./Drivers/STM32H7xx_HAL_Driver/Src/stm32h7xx_hal_gpio.o
 .ARM.attributes
                0x000002fd       0x32 ./Drivers/STM32H7xx_HAL_Driver/Src/stm32h7xx_hal_pcd.o
 .ARM.attributes
                0x0000032f       0x32 ./Drivers/STM32H7xx_HAL_Driver/Src/stm32h7xx_hal_pcd_ex.o
 .ARM.attributes
                0x00000361       0x32 ./Drivers/STM32H7xx_HAL_Driver/Src/stm32h7xx_hal_pwr_ex.o
 .ARM.attributes
                0x00000393       0x32 ./Drivers/STM32H7xx_HAL_Driver/Src/stm32h7xx_hal_rcc.o
 .ARM.attributes
                0x000003c5       0x32 ./Drivers/STM32H7xx_HAL_Driver/Src/stm32h7xx_hal_rcc_ex.o
 .ARM.attributes
                0x000003f7       0x32 ./Drivers/STM32H7xx_HAL_Driver/Src/stm32h7xx_hal_spi.o
 .ARM.attributes
                0x00000429       0x32 ./Drivers/STM32H7xx_HAL_Driver/Src/stm32h7xx_hal_uart.o
 .ARM.attributes
                0x0000045b       0x32 ./Drivers/STM32H7xx_HAL_Driver/Src/stm32h7xx_ll_usb.o
 .ARM.attributes
                0x0000048d       0x32 ./Middlewares/ST/STM32_USB_Device_Library/Class/CustomHID/Src/usbd_customhid.o
 .ARM.attributes
                0x000004bf       0x32 ./Middlewares/ST/STM32_USB_Device_Library/Core/Src/usbd_core.o
 .ARM.attributes
                0x000004f1       0x32 ./Middlewares/ST/STM32_USB_Device_Library/Core/Src/usbd_ctlreq.o
 .ARM.attributes
                0x00000523       0x32 ./Middlewares/ST/STM32_USB_Device_Library/Core/Src/usbd_ioreq.o
 .ARM.attributes
                0x00000555       0x32 ./USB_DEVICE/App/usb_device.o
 .ARM.attributes
                0x00000587       0x32 ./USB_DEVICE/App/usbd_custom_hid_if.o
 .ARM.attributes
                0x000005b9       0x32 ./USB_DEVICE/App/usbd_desc.o
 .ARM.attributes
                0x000005eb       0x32 ./USB_DEVICE/Target/usbd_conf.o
 .ARM.attributes
                0x0000061d       0x32 C:/ST/STM32CubeIDE_1.19.0/STM32CubeIDE/plugins/com.st.stm32cube.ide.mcu.externaltools.gnu-tools-for-stm32.13.3.rel1.win32_1.0.0.202411081344/tools/bin/../lib/gcc/arm-none-eabi/13.3.1/../../../../arm-none-eabi/lib/thumb/v7e-m+dp/hard\libc_nano.a(libc_a-memset.o)
 .ARM.attributes
                0x0000064f       0x32 C:/ST/STM32CubeIDE_1.19.0/STM32CubeIDE/plugins/com.st.stm32cube.ide.mcu.externaltools.gnu-tools-for-stm32.13.3.rel1.win32_1.0.0.202411081344/tools/bin/../lib/gcc/arm-none-eabi/13.3.1/../../../../arm-none-eabi/lib/thumb/v7e-m+dp/hard\libc_nano.a(libc_a-init.o)
 .ARM.attributes
                0x00000681       0x20 C:/ST/STM32CubeIDE_1.19.0/STM32CubeIDE/plugins/com.st.stm32cube.ide.mcu.externaltools.gnu-tools-for-stm32.13.3.rel1.win32_1.0.0.202411081344/tools/bin/../lib/gcc/arm-none-eabi/13.3.1/thumb/v7e-m+dp/hard\libgcc.a(_aeabi_uldivmod.o)
 .ARM.attributes
                0x000006a1       0x32 C:/ST/STM32CubeIDE_1.19.0/STM32CubeIDE/plugins/com.st.stm32cube.ide.mcu.externaltools.gnu-tools-for-stm32.13.3.rel1.win32_1.0.0.202411081344/tools/bin/../lib/gcc/arm-none-eabi/13.3.1/thumb/v7e-m+dp/hard\libgcc.a(_udivmoddi4.o)
 .ARM.attributes
                0x000006d3       0x20 C:/ST/STM32CubeIDE_1.19.0/STM32CubeIDE/plugins/com.st.stm32cube.ide.mcu.externaltools.gnu-tools-for-stm32.13.3.rel1.win32_1.0.0.202411081344/tools/bin/../lib/gcc/arm-none-eabi/13.3.1/thumb/v7e-m+dp/hard\libgcc.a(_dvmd_tls.o)
 .ARM.attributes
                0x000006f3       0x20 C:/ST/STM32CubeIDE_1.19.0/STM32CubeIDE/plugins/com.st.stm32cube.ide.mcu.externaltools.gnu-tools-for-stm32.13.3.rel1.win32_1.0.0.202411081344/tools/bin/../lib/gcc/arm-none-eabi/13.3.1/thumb/v7e-m+dp/hard/crtn.o
OUTPUT(XCOM_Transmitter.elf elf32-littlearm)
LOAD linker stubs
LOAD C:/ST/STM32CubeIDE_1.19.0/STM32CubeIDE/plugins/com.st.stm32cube.ide.mcu.externaltools.gnu-tools-for-stm32.13.3.rel1.win32_1.0.0.202411081344/tools/bin/../lib/gcc/arm-none-eabi/13.3.1/../../../../arm-none-eabi/lib/thumb/v7e-m+dp/hard\libc.a
LOAD C:/ST/STM32CubeIDE_1.19.0/STM32CubeIDE/plugins/com.st.stm32cube.ide.mcu.externaltools.gnu-tools-for-stm32.13.3.rel1.win32_1.0.0.202411081344/tools/bin/../lib/gcc/arm-none-eabi/13.3.1/../../../../arm-none-eabi/lib/thumb/v7e-m+dp/hard\libm.a
LOAD C:/ST/STM32CubeIDE_1.19.0/STM32CubeIDE/plugins/com.st.stm32cube.ide.mcu.externaltools.gnu-tools-for-stm32.13.3.rel1.win32_1.0.0.202411081344/tools/bin/../lib/gcc/arm-none-eabi/13.3.1/thumb/v7e-m+dp/hard\libgcc.a

.debug_info     0x00000000    0x1dceb
 .debug_info    0x00000000      0x817 ./Core/Src/dma.o
 .debug_info    0x00000817      0x4ce ./Core/Src/gpio.o
 .debug_info    0x00000ce5      0x793 ./Core/Src/main.o
 .debug_info    0x00001478     0x1507 ./Core/Src/spi.o
 .debug_info    0x0000297f      0x464 ./Core/Src/stm32h7xx_hal_msp.o
 .debug_info    0x00002de3      0xdcb ./Core/Src/stm32h7xx_it.o
 .debug_info    0x00003bae      0xbf0 ./Core/Src/system_stm32h7xx.o
 .debug_info    0x0000479e       0x30 ./Core/Startup/startup_stm32h723zgtx.o
 .debug_info    0x000047ce     0x1a70 ./Drivers/BSP/STM32H7xx_Nucleo/stm32h7xx_nucleo.o
 .debug_info    0x0000623e     0x1698 ./Drivers/STM32H7xx_HAL_Driver/Src/stm32h7xx_hal.o
 .debug_info    0x000078d6     0x10a5 ./Drivers/STM32H7xx_HAL_Driver/Src/stm32h7xx_hal_cortex.o
 .debug_info    0x0000897b      0xb71 ./Drivers/STM32H7xx_HAL_Driver/Src/stm32h7xx_hal_dma.o
 .debug_info    0x000094ec      0x927 ./Drivers/STM32H7xx_HAL_Driver/Src/stm32h7xx_hal_exti.o
 .debug_info    0x00009e13      0xc6b ./Drivers/STM32H7xx_HAL_Driver/Src/stm32h7xx_hal_gpio.o
 .debug_info    0x0000aa7e     0x1561 ./Drivers/STM32H7xx_HAL_Driver/Src/stm32h7xx_hal_pcd.o
 .debug_info    0x0000bfdf      0x8b3 ./Drivers/STM32H7xx_HAL_Driver/Src/stm32h7xx_hal_pcd_ex.o
 .debug_info    0x0000c892      0xdce ./Drivers/STM32H7xx_HAL_Driver/Src/stm32h7xx_hal_pwr_ex.o
 .debug_info    0x0000d660      0xd82 ./Drivers/STM32H7xx_HAL_Driver/Src/stm32h7xx_hal_rcc.o
 .debug_info    0x0000e3e2     0x120b ./Drivers/STM32H7xx_HAL_Driver/Src/stm32h7xx_hal_rcc_ex.o
 .debug_info    0x0000f5ed     0x144a ./Drivers/STM32H7xx_HAL_Driver/Src/stm32h7xx_hal_spi.o
 .debug_info    0x00010a37     0x4b1d ./Drivers/STM32H7xx_HAL_Driver/Src/stm32h7xx_hal_uart.o
 .debug_info    0x00015554     0x1a1e ./Drivers/STM32H7xx_HAL_Driver/Src/stm32h7xx_ll_usb.o
 .debug_info    0x00016f72     0x13f9 ./Middlewares/ST/STM32_USB_Device_Library/Class/CustomHID/Src/usbd_customhid.o
 .debug_info    0x0001836b      0xe20 ./Middlewares/ST/STM32_USB_Device_Library/Core/Src/usbd_core.o
 .debug_info    0x0001918b      0xaf9 ./Middlewares/ST/STM32_USB_Device_Library/Core/Src/usbd_ctlreq.o
 .debug_info    0x00019c84      0x770 ./Middlewares/ST/STM32_USB_Device_Library/Core/Src/usbd_ioreq.o
 .debug_info    0x0001a3f4      0x6e8 ./USB_DEVICE/App/usb_device.o
 .debug_info    0x0001aadc      0x790 ./USB_DEVICE/App/usbd_custom_hid_if.o
 .debug_info    0x0001b26c      0x4c5 ./USB_DEVICE/App/usbd_desc.o
 .debug_info    0x0001b731     0x25ba ./USB_DEVICE/Target/usbd_conf.o

.debug_abbrev   0x00000000     0x41d2
 .debug_abbrev  0x00000000      0x11e ./Core/Src/dma.o
 .debug_abbrev  0x0000011e       0xe8 ./Core/Src/gpio.o
 .debug_abbrev  0x00000206      0x224 ./Core/Src/main.o
 .debug_abbrev  0x0000042a      0x243 ./Core/Src/spi.o
 .debug_abbrev  0x0000066d       0xdb ./Core/Src/stm32h7xx_hal_msp.o
 .debug_abbrev  0x00000748      0x1da ./Core/Src/stm32h7xx_it.o
 .debug_abbrev  0x00000922      0x153 ./Core/Src/system_stm32h7xx.o
 .debug_abbrev  0x00000a75       0x24 ./Core/Startup/startup_stm32h723zgtx.o
 .debug_abbrev  0x00000a99      0x340 ./Drivers/BSP/STM32H7xx_Nucleo/stm32h7xx_nucleo.o
 .debug_abbrev  0x00000dd9      0x29e ./Drivers/STM32H7xx_HAL_Driver/Src/stm32h7xx_hal.o
 .debug_abbrev  0x00001077      0x339 ./Drivers/STM32H7xx_HAL_Driver/Src/stm32h7xx_hal_cortex.o
 .debug_abbrev  0x000013b0      0x248 ./Drivers/STM32H7xx_HAL_Driver/Src/stm32h7xx_hal_dma.o
 .debug_abbrev  0x000015f8      0x1df ./Drivers/STM32H7xx_HAL_Driver/Src/stm32h7xx_hal_exti.o
 .debug_abbrev  0x000017d7      0x205 ./Drivers/STM32H7xx_HAL_Driver/Src/stm32h7xx_hal_gpio.o
 .debug_abbrev  0x000019dc      0x2dc ./Drivers/STM32H7xx_HAL_Driver/Src/stm32h7xx_hal_pcd.o
 .debug_abbrev  0x00001cb8      0x256 ./Drivers/STM32H7xx_HAL_Driver/Src/stm32h7xx_hal_pcd_ex.o
 .debug_abbrev  0x00001f0e      0x295 ./Drivers/STM32H7xx_HAL_Driver/Src/stm32h7xx_hal_pwr_ex.o
 .debug_abbrev  0x000021a3      0x2b1 ./Drivers/STM32H7xx_HAL_Driver/Src/stm32h7xx_hal_rcc.o
 .debug_abbrev  0x00002454      0x269 ./Drivers/STM32H7xx_HAL_Driver/Src/stm32h7xx_hal_rcc_ex.o
 .debug_abbrev  0x000026bd      0x2b1 ./Drivers/STM32H7xx_HAL_Driver/Src/stm32h7xx_hal_spi.o
 .debug_abbrev  0x0000296e      0x33d ./Drivers/STM32H7xx_HAL_Driver/Src/stm32h7xx_hal_uart.o
 .debug_abbrev  0x00002cab      0x2b3 ./Drivers/STM32H7xx_HAL_Driver/Src/stm32h7xx_ll_usb.o
 .debug_abbrev  0x00002f5e      0x30b ./Middlewares/ST/STM32_USB_Device_Library/Class/CustomHID/Src/usbd_customhid.o
 .debug_abbrev  0x00003269      0x27c ./Middlewares/ST/STM32_USB_Device_Library/Core/Src/usbd_core.o
 .debug_abbrev  0x000034e5      0x26f ./Middlewares/ST/STM32_USB_Device_Library/Core/Src/usbd_ctlreq.o
 .debug_abbrev  0x00003754      0x19a ./Middlewares/ST/STM32_USB_Device_Library/Core/Src/usbd_ioreq.o
 .debug_abbrev  0x000038ee      0x1a7 ./USB_DEVICE/App/usb_device.o
 .debug_abbrev  0x00003a95      0x1f9 ./USB_DEVICE/App/usbd_custom_hid_if.o
 .debug_abbrev  0x00003c8e      0x1f5 ./USB_DEVICE/App/usbd_desc.o
 .debug_abbrev  0x00003e83      0x34f ./USB_DEVICE/Target/usbd_conf.o

.debug_aranges  0x00000000     0x14a0
 .debug_aranges
                0x00000000       0x20 ./Core/Src/dma.o
 .debug_aranges
                0x00000020       0x20 ./Core/Src/gpio.o
 .debug_aranges
                0x00000040       0x38 ./Core/Src/main.o
 .debug_aranges
                0x00000078       0x30 ./Core/Src/spi.o
 .debug_aranges
                0x000000a8       0x20 ./Core/Src/stm32h7xx_hal_msp.o
 .debug_aranges
                0x000000c8       0x80 ./Core/Src/stm32h7xx_it.o
 .debug_aranges
                0x00000148       0x30 ./Core/Src/system_stm32h7xx.o
 .debug_aranges
                0x00000178       0x28 ./Core/Startup/startup_stm32h723zgtx.o
 .debug_aranges
                0x000001a0       0xb8 ./Drivers/BSP/STM32H7xx_Nucleo/stm32h7xx_nucleo.o
 .debug_aranges
                0x00000258      0x1c8 ./Drivers/STM32H7xx_HAL_Driver/Src/stm32h7xx_hal.o
 .debug_aranges
                0x00000420      0x130 ./Drivers/STM32H7xx_HAL_Driver/Src/stm32h7xx_hal_cortex.o
 .debug_aranges
                0x00000550       0xa0 ./Drivers/STM32H7xx_HAL_Driver/Src/stm32h7xx_hal_dma.o
 .debug_aranges
                0x000005f0       0x60 ./Drivers/STM32H7xx_HAL_Driver/Src/stm32h7xx_hal_exti.o
 .debug_aranges
                0x00000650       0x58 ./Drivers/STM32H7xx_HAL_Driver/Src/stm32h7xx_hal_gpio.o
 .debug_aranges
                0x000006a8      0x140 ./Drivers/STM32H7xx_HAL_Driver/Src/stm32h7xx_hal_pcd.o
 .debug_aranges
                0x000007e8       0x60 ./Drivers/STM32H7xx_HAL_Driver/Src/stm32h7xx_hal_pcd_ex.o
 .debug_aranges
                0x00000848      0x148 ./Drivers/STM32H7xx_HAL_Driver/Src/stm32h7xx_hal_pwr_ex.o
 .debug_aranges
                0x00000990       0x88 ./Drivers/STM32H7xx_HAL_Driver/Src/stm32h7xx_hal_rcc.o
 .debug_aranges
                0x00000a18       0xf8 ./Drivers/STM32H7xx_HAL_Driver/Src/stm32h7xx_hal_rcc_ex.o
 .debug_aranges
                0x00000b10      0x1a8 ./Drivers/STM32H7xx_HAL_Driver/Src/stm32h7xx_hal_spi.o
 .debug_aranges
                0x00000cb8      0x248 ./Drivers/STM32H7xx_HAL_Driver/Src/stm32h7xx_hal_uart.o
 .debug_aranges
                0x00000f00      0x1a0 ./Drivers/STM32H7xx_HAL_Driver/Src/stm32h7xx_ll_usb.o
 .debug_aranges
                0x000010a0       0x80 ./Middlewares/ST/STM32_USB_Device_Library/Class/CustomHID/Src/usbd_customhid.o
 .debug_aranges
                0x00001120       0xd8 ./Middlewares/ST/STM32_USB_Device_Library/Core/Src/usbd_core.o
 .debug_aranges
                0x000011f8       0x90 ./Middlewares/ST/STM32_USB_Device_Library/Core/Src/usbd_ctlreq.o
 .debug_aranges
                0x00001288       0x50 ./Middlewares/ST/STM32_USB_Device_Library/Core/Src/usbd_ioreq.o
 .debug_aranges
                0x000012d8       0x20 ./USB_DEVICE/App/usb_device.o
 .debug_aranges
                0x000012f8       0x30 ./USB_DEVICE/App/usbd_custom_hid_if.o
 .debug_aranges
                0x00001328       0x68 ./USB_DEVICE/App/usbd_desc.o
 .debug_aranges
                0x00001390      0x110 ./USB_DEVICE/Target/usbd_conf.o

.debug_rnglists
                0x00000000      0xfa1
 .debug_rnglists
                0x00000000       0x13 ./Core/Src/dma.o
 .debug_rnglists
                0x00000013       0x14 ./Core/Src/gpio.o
 .debug_rnglists
                0x00000027       0x26 ./Core/Src/main.o
 .debug_rnglists
                0x0000004d       0x21 ./Core/Src/spi.o
 .debug_rnglists
                0x0000006e       0x13 ./Core/Src/stm32h7xx_hal_msp.o
 .debug_rnglists
                0x00000081       0x5b ./Core/Src/stm32h7xx_it.o
 .debug_rnglists
                0x000000dc       0x21 ./Core/Src/system_stm32h7xx.o
 .debug_rnglists
                0x000000fd       0x19 ./Core/Startup/startup_stm32h723zgtx.o
 .debug_rnglists
                0x00000116       0x88 ./Drivers/BSP/STM32H7xx_Nucleo/stm32h7xx_nucleo.o
 .debug_rnglists
                0x0000019e      0x155 ./Drivers/STM32H7xx_HAL_Driver/Src/stm32h7xx_hal.o
 .debug_rnglists
                0x000002f3       0xe0 ./Drivers/STM32H7xx_HAL_Driver/Src/stm32h7xx_hal_cortex.o
 .debug_rnglists
                0x000003d3       0x82 ./Drivers/STM32H7xx_HAL_Driver/Src/stm32h7xx_hal_dma.o
 .debug_rnglists
                0x00000455       0x46 ./Drivers/STM32H7xx_HAL_Driver/Src/stm32h7xx_hal_exti.o
 .debug_rnglists
                0x0000049b       0x3f ./Drivers/STM32H7xx_HAL_Driver/Src/stm32h7xx_hal_gpio.o
 .debug_rnglists
                0x000004da       0xf4 ./Drivers/STM32H7xx_HAL_Driver/Src/stm32h7xx_hal_pcd.o
 .debug_rnglists
                0x000005ce       0x45 ./Drivers/STM32H7xx_HAL_Driver/Src/stm32h7xx_hal_pcd_ex.o
 .debug_rnglists
                0x00000613       0xf5 ./Drivers/STM32H7xx_HAL_Driver/Src/stm32h7xx_hal_pwr_ex.o
 .debug_rnglists
                0x00000708       0x68 ./Drivers/STM32H7xx_HAL_Driver/Src/stm32h7xx_hal_rcc.o
 .debug_rnglists
                0x00000770       0xc0 ./Drivers/STM32H7xx_HAL_Driver/Src/stm32h7xx_hal_rcc_ex.o
 .debug_rnglists
                0x00000830      0x148 ./Drivers/STM32H7xx_HAL_Driver/Src/stm32h7xx_hal_spi.o
 .debug_rnglists
                0x00000978      0x1fa ./Drivers/STM32H7xx_HAL_Driver/Src/stm32h7xx_hal_uart.o
 .debug_rnglists
                0x00000b72      0x147 ./Drivers/STM32H7xx_HAL_Driver/Src/stm32h7xx_ll_usb.o
 .debug_rnglists
                0x00000cb9       0x5e ./Middlewares/ST/STM32_USB_Device_Library/Class/CustomHID/Src/usbd_customhid.o
 .debug_rnglists
                0x00000d17       0xa1 ./Middlewares/ST/STM32_USB_Device_Library/Core/Src/usbd_core.o
 .debug_rnglists
                0x00000db8       0x6e ./Middlewares/ST/STM32_USB_Device_Library/Core/Src/usbd_ctlreq.o
 .debug_rnglists
                0x00000e26       0x37 ./Middlewares/ST/STM32_USB_Device_Library/Core/Src/usbd_ioreq.o
 .debug_rnglists
                0x00000e5d       0x13 ./USB_DEVICE/App/usb_device.o
 .debug_rnglists
                0x00000e70       0x1f ./USB_DEVICE/App/usbd_custom_hid_if.o
 .debug_rnglists
                0x00000e8f       0x49 ./USB_DEVICE/App/usbd_desc.o
 .debug_rnglists
                0x00000ed8       0xc9 ./USB_DEVICE/Target/usbd_conf.o

.debug_macro    0x00000000    0x369d6
 .debug_macro   0x00000000      0x340 ./Core/Src/dma.o
 .debug_macro   0x00000340      0xafc ./Core/Src/dma.o
 .debug_macro   0x00000e3c      0x23e ./Core/Src/dma.o
 .debug_macro   0x0000107a       0x2e ./Core/Src/dma.o
 .debug_macro   0x000010a8       0x3b ./Core/Src/dma.o
 .debug_macro   0x000010e3       0x22 ./Core/Src/dma.o
 .debug_macro   0x00001105       0x8e ./Core/Src/dma.o
 .debug_macro   0x00001193       0x51 ./Core/Src/dma.o
 .debug_macro   0x000011e4      0x103 ./Core/Src/dma.o
 .debug_macro   0x000012e7       0x6a ./Core/Src/dma.o
 .debug_macro   0x00001351      0x1df ./Core/Src/dma.o
 .debug_macro   0x00001530       0x1c ./Core/Src/dma.o
 .debug_macro   0x0000154c       0x22 ./Core/Src/dma.o
 .debug_macro   0x0000156e       0xfb ./Core/Src/dma.o
 .debug_macro   0x00001669     0x1305 ./Core/Src/dma.o
 .debug_macro   0x0000296e      0x11f ./Core/Src/dma.o
 .debug_macro   0x00002a8d       0x27 ./Core/Src/dma.o
 .debug_macro   0x00002ab4    0x216c1 ./Core/Src/dma.o
 .debug_macro   0x00024175       0x6d ./Core/Src/dma.o
 .debug_macro   0x000241e2     0x3d64 ./Core/Src/dma.o
 .debug_macro   0x00027f46      0x190 ./Core/Src/dma.o
 .debug_macro   0x000280d6       0x61 ./Core/Src/dma.o
 .debug_macro   0x00028137       0x29 ./Core/Src/dma.o
 .debug_macro   0x00028160       0x43 ./Core/Src/dma.o
 .debug_macro   0x000281a3       0x34 ./Core/Src/dma.o
 .debug_macro   0x000281d7      0x370 ./Core/Src/dma.o
 .debug_macro   0x00028547       0x16 ./Core/Src/dma.o
 .debug_macro   0x0002855d       0x4a ./Core/Src/dma.o
 .debug_macro   0x000285a7       0x34 ./Core/Src/dma.o
 .debug_macro   0x000285db       0x10 ./Core/Src/dma.o
 .debug_macro   0x000285eb       0x58 ./Core/Src/dma.o
 .debug_macro   0x00028643       0x8e ./Core/Src/dma.o
 .debug_macro   0x000286d1       0x1c ./Core/Src/dma.o
 .debug_macro   0x000286ed      0x185 ./Core/Src/dma.o
 .debug_macro   0x00028872      0x19b ./Core/Src/dma.o
 .debug_macro   0x00028a0d       0x5d ./Core/Src/dma.o
 .debug_macro   0x00028a6a     0x2462 ./Core/Src/dma.o
 .debug_macro   0x0002aecc     0x1079 ./Core/Src/dma.o
 .debug_macro   0x0002bf45      0x154 ./Core/Src/dma.o
 .debug_macro   0x0002c099      0x114 ./Core/Src/dma.o
 .debug_macro   0x0002c1ad      0x3fc ./Core/Src/dma.o
 .debug_macro   0x0002c5a9       0xac ./Core/Src/dma.o
 .debug_macro   0x0002c655      0x788 ./Core/Src/dma.o
 .debug_macro   0x0002cddd      0x228 ./Core/Src/dma.o
 .debug_macro   0x0002d005       0x66 ./Core/Src/dma.o
 .debug_macro   0x0002d06b      0x3a6 ./Core/Src/dma.o
 .debug_macro   0x0002d411      0x3f9 ./Core/Src/dma.o
 .debug_macro   0x0002d80a      0x275 ./Core/Src/dma.o
 .debug_macro   0x0002da7f      0x3ca ./Core/Src/dma.o
 .debug_macro   0x0002de49      0x45c ./Core/Src/dma.o
 .debug_macro   0x0002e2a5       0x3c ./Core/Src/dma.o
 .debug_macro   0x0002e2e1       0x4a ./Core/Src/dma.o
 .debug_macro   0x0002e32b      0x22c ./Core/Src/dma.o
 .debug_macro   0x0002e557       0x67 ./Core/Src/dma.o
 .debug_macro   0x0002e5be       0xa5 ./Core/Src/dma.o
 .debug_macro   0x0002e663      0x1c4 ./Core/Src/dma.o
 .debug_macro   0x0002e827      0x22a ./Core/Src/dma.o
 .debug_macro   0x0002ea51       0x35 ./Core/Src/dma.o
 .debug_macro   0x0002ea86      0x5e4 ./Core/Src/dma.o
 .debug_macro   0x0002f06a       0xc1 ./Core/Src/dma.o
 .debug_macro   0x0002f12b      0x693 ./Core/Src/dma.o
 .debug_macro   0x0002f7be       0xa6 ./Core/Src/dma.o
 .debug_macro   0x0002f864      0x293 ./Core/Src/dma.o
 .debug_macro   0x0002faf7       0x90 ./Core/Src/dma.o
 .debug_macro   0x0002fb87      0x5f2 ./Core/Src/dma.o
 .debug_macro   0x00030179       0x2e ./Core/Src/dma.o
 .debug_macro   0x000301a7       0x52 ./Core/Src/dma.o
 .debug_macro   0x000301f9      0x131 ./Core/Src/dma.o
 .debug_macro   0x0003032a       0x1c ./Core/Src/dma.o
 .debug_macro   0x00030346       0x3c ./Core/Src/dma.o
 .debug_macro   0x00030382       0x10 ./Core/Src/dma.o
 .debug_macro   0x00030392       0x1c ./Core/Src/dma.o
 .debug_macro   0x000303ae       0x16 ./Core/Src/dma.o
 .debug_macro   0x000303c4      0x146 ./Core/Src/dma.o
 .debug_macro   0x0003050a       0x1c ./Core/Src/dma.o
 .debug_macro   0x00030526      0x340 ./Core/Src/gpio.o
 .debug_macro   0x00030866      0x3e4 ./Core/Src/main.o
 .debug_macro   0x00030c4a       0x16 ./Core/Src/main.o
 .debug_macro   0x00030c60       0x16 ./Core/Src/main.o
 .debug_macro   0x00030c76       0x29 ./Core/Src/main.o
 .debug_macro   0x00030c9f       0x16 ./Core/Src/main.o
 .debug_macro   0x00030cb5       0x20 ./Core/Src/main.o
 .debug_macro   0x00030cd5       0x78 ./Core/Src/main.o
 .debug_macro   0x00030d4d      0x20f ./Core/Src/main.o
 .debug_macro   0x00030f5c      0x340 ./Core/Src/spi.o
 .debug_macro   0x0003129c      0x336 ./Core/Src/stm32h7xx_hal_msp.o
 .debug_macro   0x000315d2      0x340 ./Core/Src/stm32h7xx_it.o
 .debug_macro   0x00031912      0x2d2 ./Core/Src/system_stm32h7xx.o
 .debug_macro   0x00031be4      0x2f9 ./Drivers/BSP/STM32H7xx_Nucleo/stm32h7xx_nucleo.o
 .debug_macro   0x00031edd       0x28 ./Drivers/BSP/STM32H7xx_Nucleo/stm32h7xx_nucleo.o
 .debug_macro   0x00031f05      0x2fc ./Drivers/STM32H7xx_HAL_Driver/Src/stm32h7xx_hal.o
 .debug_macro   0x00032201      0x2d2 ./Drivers/STM32H7xx_HAL_Driver/Src/stm32h7xx_hal_cortex.o
 .debug_macro   0x000324d3      0x326 ./Drivers/STM32H7xx_HAL_Driver/Src/stm32h7xx_hal_dma.o
 .debug_macro   0x000327f9      0x2e0 ./Drivers/STM32H7xx_HAL_Driver/Src/stm32h7xx_hal_exti.o
 .debug_macro   0x00032ad9      0x2d9 ./Drivers/STM32H7xx_HAL_Driver/Src/stm32h7xx_hal_gpio.o
 .debug_macro   0x00032db2      0x2de ./Drivers/STM32H7xx_HAL_Driver/Src/stm32h7xx_hal_pcd.o
 .debug_macro   0x00033090      0x2d2 ./Drivers/STM32H7xx_HAL_Driver/Src/stm32h7xx_hal_pcd_ex.o
 .debug_macro   0x00033362      0x30b ./Drivers/STM32H7xx_HAL_Driver/Src/stm32h7xx_hal_pwr_ex.o
 .debug_macro   0x0003366d      0x2f6 ./Drivers/STM32H7xx_HAL_Driver/Src/stm32h7xx_hal_rcc.o
 .debug_macro   0x00033963      0x2f0 ./Drivers/STM32H7xx_HAL_Driver/Src/stm32h7xx_hal_rcc_ex.o
 .debug_macro   0x00033c53      0x2da ./Drivers/STM32H7xx_HAL_Driver/Src/stm32h7xx_hal_spi.o
 .debug_macro   0x00033f2d      0x2fd ./Drivers/STM32H7xx_HAL_Driver/Src/stm32h7xx_hal_uart.o
 .debug_macro   0x0003422a      0x2d2 ./Drivers/STM32H7xx_HAL_Driver/Src/stm32h7xx_ll_usb.o
 .debug_macro   0x000344fc      0x40b ./Middlewares/ST/STM32_USB_Device_Library/Class/CustomHID/Src/usbd_customhid.o
 .debug_macro   0x00034907       0x16 ./Middlewares/ST/STM32_USB_Device_Library/Class/CustomHID/Src/usbd_customhid.o